Archive member included to satisfy reference by file (symbol)

/home/jetson/Linux_for_Tegra/source/optee/optee_os/out/arm-plat-tegra/export-ta_arm64/lib/libutils.a(stack_check.o)
                              ./ta_mission.o (__stack_chk_fail)
/home/jetson/Linux_for_Tegra/source/optee/optee_os/out/arm-plat-tegra/export-ta_arm64/lib/libutils.a(trace.o)
                              ./ta_mission.o (trace_printf)
/home/jetson/Linux_for_Tegra/source/optee/optee_os/out/arm-plat-tegra/export-ta_arm64/lib/libutils.a(memcpy.o)
                              /home/jetson/Linux_for_Tegra/source/optee/optee_os/out/arm-plat-tegra/export-ta_arm64/lib/libutils.a(trace.o) (memcpy)
/home/jetson/Linux_for_Tegra/source/optee/optee_os/out/arm-plat-tegra/export-ta_arm64/lib/libutils.a(snprintk.o)
                              /home/jetson/Linux_for_Tegra/source/optee/optee_os/out/arm-plat-tegra/export-ta_arm64/lib/libutils.a(trace.o) (vsnprintk)
/home/jetson/Linux_for_Tegra/source/optee/optee_os/out/arm-plat-tegra/export-ta_arm64/lib/libutils.a(memchr.o)
                              /home/jetson/Linux_for_Tegra/source/optee/optee_os/out/arm-plat-tegra/export-ta_arm64/lib/libutils.a(snprintk.o) (memchr)
/home/jetson/Linux_for_Tegra/source/optee/optee_os/out/arm-plat-tegra/export-ta_arm64/lib/libutils.a(strlen.o)
                              /home/jetson/Linux_for_Tegra/source/optee/optee_os/out/arm-plat-tegra/export-ta_arm64/lib/libutils.a(snprintk.o) (strlen)
/home/jetson/Linux_for_Tegra/source/optee/optee_os/out/arm-plat-tegra/export-ta_arm64/lib/libutee.a(trace_ext.o)
                              /home/jetson/Linux_for_Tegra/source/optee/optee_os/out/arm-plat-tegra/export-ta_arm64/lib/libutils.a(trace.o) (trace_ext_puts)
/home/jetson/Linux_for_Tegra/source/optee/optee_os/out/arm-plat-tegra/export-ta_arm64/lib/libutee.a(tee_api.o)
                              ./ta_mission.o (TEE_MemMove)
/home/jetson/Linux_for_Tegra/source/optee/optee_os/out/arm-plat-tegra/export-ta_arm64/lib/libutee.a(tee_api_objects.o)
                              ./ta_mission.o (TEE_AllocateTransientObject)
/home/jetson/Linux_for_Tegra/source/optee/optee_os/out/arm-plat-tegra/export-ta_arm64/lib/libutee.a(tee_api_operations.o)
                              ./ta_mission.o (TEE_FreeOperation)
/home/jetson/Linux_for_Tegra/source/optee/optee_os/out/arm-plat-tegra/export-ta_arm64/lib/libutee.a(tee_api_panic.o)
                              /home/jetson/Linux_for_Tegra/source/optee/optee_os/out/arm-plat-tegra/export-ta_arm64/lib/libutee.a(tee_api.o) (TEE_Panic)
/home/jetson/Linux_for_Tegra/source/optee/optee_os/out/arm-plat-tegra/export-ta_arm64/lib/libutee.a(tee_system_pta.o)
                              /home/jetson/Linux_for_Tegra/source/optee/optee_os/out/arm-plat-tegra/export-ta_arm64/lib/libutee.a(tee_api.o) (tee_map_zi)
/home/jetson/Linux_for_Tegra/source/optee/optee_os/out/arm-plat-tegra/export-ta_arm64/lib/libutee.a(user_ta_entry.o)
                              ./user_ta_header.o (__utee_entry)
/home/jetson/Linux_for_Tegra/source/optee/optee_os/out/arm-plat-tegra/export-ta_arm64/lib/libutee.a(utee_syscalls_a64.o)
                              /home/jetson/Linux_for_Tegra/source/optee/optee_os/out/arm-plat-tegra/export-ta_arm64/lib/libutils.a(stack_check.o) (_utee_panic)
/home/jetson/Linux_for_Tegra/source/optee/optee_os/out/arm-plat-tegra/export-ta_arm64/lib/libutee.a(abort.o)
                              /home/jetson/Linux_for_Tegra/source/optee/optee_os/out/arm-plat-tegra/export-ta_arm64/lib/libutee.a(user_ta_entry.o) (abort)
/home/jetson/Linux_for_Tegra/source/optee/optee_os/out/arm-plat-tegra/export-ta_arm64/lib/libutee.a(assert.o)
                              /home/jetson/Linux_for_Tegra/source/optee/optee_os/out/arm-plat-tegra/export-ta_arm64/lib/libutee.a(tee_api_operations.o) (_assert_log)
/home/jetson/Linux_for_Tegra/source/optee/optee_os/out/arm-plat-tegra/export-ta_arm64/lib/libutee.a(tee_api_arith_mpi.o)
                              /home/jetson/Linux_for_Tegra/source/optee/optee_os/out/arm-plat-tegra/export-ta_arm64/lib/libutee.a(user_ta_entry.o) (_TEE_MathAPI_Init)
/home/jetson/Linux_for_Tegra/source/optee/optee_os/out/arm-plat-tegra/export-ta_arm64/lib/libutee.a(tee_api_property.o)
                              /home/jetson/Linux_for_Tegra/source/optee/optee_os/out/arm-plat-tegra/export-ta_arm64/lib/libutee.a(user_ta_entry.o) (TEE_GetPropertyAsU32)
/home/jetson/Linux_for_Tegra/source/optee/optee_os/out/arm-plat-tegra/export-ta_arm64/lib/libutee.a(tcb.o)
                              /home/jetson/Linux_for_Tegra/source/optee/optee_os/out/arm-plat-tegra/export-ta_arm64/lib/libutee.a(user_ta_entry.o) (__utee_tcb_init)
/home/jetson/Linux_for_Tegra/source/optee/optee_os/out/arm-plat-tegra/export-ta_arm64/lib/libutee.a(base64.o)
                              /home/jetson/Linux_for_Tegra/source/optee/optee_os/out/arm-plat-tegra/export-ta_arm64/lib/libutee.a(tee_api_property.o) (_base64_enc_len)
[...]
Memory Configuration

Name             Origin             Length             Attributes
*default*        0x0000000000000000 0xffffffffffffffff

Linker script and memory map


.text           0x0000000000000000    0x13d30
                0x0000000000000000                __text_start = .
 *(SORT_BY_ALIGNMENT(.text) SORT_BY_ALIGNMENT(.text.*))
 .text          0x0000000000000000       0xec /home/jetson/Linux_for_Tegra/source/optee/optee_os/out/arm-plat-tegra/export-ta_arm64/lib/libutils.a(memcpy.o)
                0x0000000000000000                memcpy
 .text          0x00000000000000ec      0xc6c ./ta_mission.o
                0x00000000000002dc                TA_CreateEntryPoint
                0x0000000000000328                TA_DestroyEntryPoint
                0x000000000000034c                TA_OpenSessionEntryPoint
                0x0000000000000384                TA_CloseSessionEntryPoint
                0x00000000000003a8                TA_InvokeCommandEntryPoint
 .text          0x0000000000000d58       0x1c ./user_ta_header.o
                0x0000000000000d58                __ta_entry
                0x0000000000000d6c                tahead_get_trace_level
 .text          0x0000000000000d74       0x30 /home/jetson/Linux_for_Tegra/source/optee/optee_os/out/arm-plat-tegra/export-ta_arm64/lib/libutils.a(stack_check.o)
                0x0000000000000d74                __stack_chk_fail
 .text          0x0000000000000da4      0x340 /home/jetson/Linux_for_Tegra/source/optee/optee_os/out/arm-plat-tegra/export-ta_arm64/lib/libutils.a(trace.o)
                0x0000000000000da4                trace_set_level
                0x0000000000000dc0                trace_get_level
                0x0000000000000dd0                trace_vprintf
                0x0000000000000ff4                trace_printf
                0x00000000000010e0                dhex_dump
 .text          0x00000000000010e4      0xe0c /home/jetson/Linux_for_Tegra/source/optee/optee_os/out/arm-plat-tegra/export-ta_arm64/lib/libutils.a(snprintk.o)
                0x00000000000010e4                __vsnprintf
                0x00000000000011b0                vsnprintk
                0x0000000000001208                snprintk
                0x0000000000001ea4                __vsprintf
 .text          0x0000000000001ef0       0x2c /home/jetson/Linux_for_Tegra/source/optee/optee_os/out/arm-plat-tegra/export-ta_arm64/lib/libutils.a(memchr.o)
                0x0000000000001ef0                memchr
 .text          0x0000000000001f1c       0x1c /home/jetson/Linux_for_Tegra/source/optee/optee_os/out/arm-plat-tegra/export-ta_arm64/lib/libutils.a(strlen.o)
                0x0000000000001f1c                strlen
 .text          0x0000000000001f38      0x1e8 /home/jetson/Linux_for_Tegra/source/optee/optee_os/out/arm-plat-tegra/export-ta_arm64/lib/libutee.a(trace_ext.o)
                0x0000000000001f38                trace_ext_puts
                0x0000000000001f60                trace_ext_get_thread_id
                0x0000000000001f68                printf
                0x0000000000002068                puts
                0x00000000000020a8                putchar
 .text          0x0000000000002120     0x111c /home/jetson/Linux_for_Tegra/source/optee/optee_os/out/arm-plat-tegra/export-ta_arm64/lib/libutee.a(tee_api.o)
                0x00000000000024cc                TEE_CloseTASession
                0x00000000000024f4                TEE_GetCancellationFlag
                0x000000000000255c                TEE_UnmaskCancellation
                0x00000000000025c4                TEE_MaskCancellation
                0x000000000000262c                TEE_CheckMemoryAccessRights
                0x0000000000002858                TEE_OpenTASession
                0x00000000000029b4                __GP11_TEE_OpenTASession
                0x0000000000002b04                TEE_InvokeTACommand
                0x0000000000002c90                __GP11_TEE_InvokeTACommand
                0x0000000000002e10                __GP11_TEE_CheckMemoryAccessRights
                0x0000000000002e18                TEE_SetInstanceData
                0x0000000000002e24                TEE_GetInstanceData
                0x0000000000002e30                TEE_MemMove
                0x0000000000002e34                __GP11_TEE_MemMove
                0x0000000000002e3c                TEE_MemCompare
                0x0000000000002e40                __GP11_TEE_MemCompare
                0x0000000000002e48                TEE_MemFill
                0x0000000000002e4c                __GP11_TEE_MemFill
                0x0000000000002e54                TEE_GetSystemTime
                0x0000000000002e7c                TEE_Wait
                0x0000000000002eb8                TEE_GetTAPersistentTime
                0x0000000000002f30                TEE_SetTAPersistentTime
                0x0000000000002f74                TEE_GetREETime
                0x0000000000002f9c                TEE_Malloc
                0x00000000000030c0                __GP11_TEE_Malloc
                0x00000000000030c8                TEE_Free
                0x0000000000003128                TEE_Realloc
                0x000000000000321c                __GP11_TEE_Realloc
                0x0000000000003224                TEE_CacheClean
                0x000000000000322c                TEE_CacheFlush
                0x0000000000003234                TEE_CacheInvalidate
 .text          0x000000000000323c     0x1bc4 /home/jetson/Linux_for_Tegra/source/optee/optee_os/out/arm-plat-tegra/export-ta_arm64/lib/libutee.a(tee_api_objects.o)
                0x000000000000323c                __utee_from_attr
                0x000000000000328c                __utee_from_gp11_attr
                0x00000000000032dc                TEE_GetObjectInfo
                0x00000000000033a0                __GP11_TEE_GetObjectInfo
                0x0000000000003470                TEE_GetObjectInfo1
                0x0000000000003528                __GP11_TEE_GetObjectInfo1
                0x00000000000035f0                TEE_RestrictObjectUsage1
                0x0000000000003634                TEE_RestrictObjectUsage
                0x00000000000036cc                TEE_GetObjectBufferAttribute
                0x00000000000037d8                __GP11_TEE_GetObjectBufferAttribute
                0x000000000000387c                TEE_GetObjectValueAttribute
                0x00000000000039bc                TEE_CloseObject
                0x00000000000039e4                __GP11_TEE_AllocateTransientObject
                0x0000000000003aa0                TEE_AllocateTransientObject
                0x0000000000003abc                TEE_FreeTransientObject
                0x0000000000003b54                TEE_ResetTransientObject
                0x0000000000003bec                TEE_PopulateTransientObject
                0x0000000000003d30                __GP11_TEE_PopulateTransientObject
                0x0000000000003e74                TEE_InitRefAttribute
                0x0000000000003ec0                __GP11_TEE_InitRefAttribute
                0x0000000000003f10                TEE_InitValueAttribute
                0x0000000000003f5c                __GP11_TEE_InitValueAttribute
                0x0000000000003fa8                TEE_CopyObjectAttributes1
                0x00000000000040a8                TEE_CopyObjectAttributes
                0x0000000000004144                TEE_GenerateKey
                0x0000000000004250                __GP11_TEE_GenerateKey
                0x000000000000435c                TEE_OpenPersistentObject
                0x0000000000004448                __GP11_TEE_OpenPersistentObject
                0x0000000000004450                TEE_CreatePersistentObject
                0x000000000000459c                __GP11_TEE_CreatePersistentObject
                0x0000000000004618                TEE_CloseAndDeletePersistentObject1
                0x0000000000004660                TEE_CloseAndDeletePersistentObject
                0x000000000000468c                TEE_RenamePersistentObject
                0x00000000000046e8                __GP11_TEE_RenamePersistentObject
                0x00000000000046f0                TEE_AllocatePersistentObjectEnumerator
                0x0000000000004788                TEE_FreePersistentObjectEnumerator
                0x00000000000047b0                TEE_ResetPersistentObjectEnumerator
                0x00000000000047d8                TEE_StartPersistentObjectEnumerator
                0x0000000000004828                TEE_GetNextPersistentObject
                0x000000000000494c                __GP11_TEE_GetNextPersistentObject
                0x0000000000004a80                TEE_ReadObjectData
                0x0000000000004b50                __GP11_TEE_ReadObjectData
                0x0000000000004bf4                TEE_WriteObjectData
                0x0000000000004c6c                __GP11_TEE_WriteObjectData
                0x0000000000004c74                TEE_TruncateObjectData
                0x0000000000004cd0                __GP11_TEE_TruncateObjectData
                0x0000000000004cd8                TEE_SeekObjectData
                0x0000000000004df8                __GP11_TEE_SeekObjectData
 .text          0x0000000000004e00     0x479c /home/jetson/Linux_for_Tegra/source/optee/optee_os/out/arm-plat-tegra/export-ta_arm64/lib/libutee.a(tee_api_operations.o)
                0x000000000000554c                TEE_FreeOperation
                0x000000000000558c                TEE_AllocateOperation
                0x00000000000061dc                __GP11_TEE_FreeOperation
                0x0000000000006208                TEE_GetOperationInfo
                0x000000000000625c                TEE_GetOperationInfoMultiple
                0x0000000000006414                __GP11_TEE_GetOperationInfoMultiple
                0x00000000000064a8                TEE_ResetOperation
                0x00000000000064e4                TEE_SetOperationKey
                0x0000000000006638                __GP11_TEE_SetOperationKey
                0x0000000000006674                TEE_SetOperationKey2
                0x0000000000006694                __GP11_TEE_SetOperationKey2
                0x00000000000066e0                TEE_CopyOperation
                0x000000000000683c                TEE_DigestUpdate
                0x00000000000068ac                __GP11_TEE_DigestUpdate
                0x00000000000068b4                TEE_DigestDoFinal
                0x0000000000006a28                __GP11_TEE_DigestDoFinal
                0x0000000000006ad4                TEE_DigestExtract
                0x0000000000006c80                TEE_CipherInit
                0x0000000000006d60                __GP11_TEE_CipherInit
                0x0000000000006d68                TEE_CipherUpdate
                0x0000000000006f04                __GP11_TEE_CipherUpdate
                0x0000000000006fb0                TEE_CipherDoFinal
                0x00000000000071d0                __GP11_TEE_CipherDoFinal
                0x0000000000007288                TEE_MACInit
                0x000000000000732c                __GP11_TEE_MACInit
                0x0000000000007334                TEE_MACUpdate
                0x00000000000073d4                __GP11_TEE_MACUpdate
                0x00000000000073dc                TEE_MACComputeFinal
                0x00000000000074f4                __GP11_TEE_MACComputeFinal
                0x00000000000075a0                TEE_MACCompareFinal
                0x00000000000076ac                __GP11_TEE_MACCompareFinal
                0x00000000000076b8                TEE_AEInit
                0x000000000000777c                __GP11_TEE_AEInit
                0x000000000000778c                TEE_AEUpdateAAD
                0x0000000000007828                __GP11_TEE_AEUpdateAAD
                0x00000000000078bc                TEE_AEUpdate
                0x0000000000007988                __GP11_TEE_AEUpdate
                0x0000000000007a90                TEE_AEEncryptFinal
                0x0000000000007c98                __GP11_TEE_AEEncryptFinal
                0x0000000000007d78                TEE_AEDecryptFinal
                0x0000000000007f54                __GP11_TEE_AEDecryptFinal
                0x0000000000008018                TEE_AsymmetricEncrypt
                0x00000000000081d8                __GP11_TEE_AsymmetricEncrypt
                0x0000000000008380                TEE_AsymmetricDecrypt
                0x0000000000008544                __GP11_TEE_AsymmetricDecrypt
                0x00000000000086f0                TEE_AsymmetricSignDigest
                0x0000000000008890                __GP11_TEE_AsymmetricSignDigest
                0x0000000000008a30                TEE_AsymmetricVerifyDigest
                0x0000000000008bbc                __GP11_TEE_AsymmetricVerifyDigest
                0x0000000000008d48                TEE_DeriveKey
                0x0000000000008ef8                __GP11_TEE_DeriveKey
                0x00000000000090a8                TEE_GenerateRandom
                0x00000000000090c8                __GP11_TEE_GenerateRandom
                0x00000000000090d0                rand
                0x0000000000009134                TEE_IsAlgorithmSupported
 .text          0x000000000000959c      0x1fc /home/jetson/Linux_for_Tegra/source/optee/optee_os/out/arm-plat-tegra/export-ta_arm64/lib/libutee.a(tee_api_panic.o)
                0x00000000000095b8                TEE_Panic
                0x00000000000095d0                __utee_check_outbuf_annotation
                0x000000000000961c                __utee_check_gp11_outbuf_annotation
                0x0000000000009668                __utee_check_instring_annotation
                0x0000000000009698                __utee_check_outstring_annotation
                0x00000000000096e4                __utee_check_gp11_outstring_annotation
                0x0000000000009730                __utee_check_out_annotation
                0x0000000000009750                __utee_check_attr_in_annotation
                0x0000000000009774                __utee_check_gp11_attr_in_annotation
                0x0000000000009778                __utee_check_inout_annotation
 .text          0x0000000000009798      0x2d4 /home/jetson/Linux_for_Tegra/source/optee/optee_os/out/arm-plat-tegra/export-ta_arm64/lib/libutee.a(tee_system_pta.o)
                0x000000000000981c                tee_map_zi
                0x00000000000098b8                tee_unmap
                0x000000000000997c                tee_invoke_supp_plugin
 .text          0x0000000000009a6c      0x758 /home/jetson/Linux_for_Tegra/source/optee/optee_os/out/arm-plat-tegra/export-ta_arm64/lib/libutee.a(user_ta_entry.o)
                0x0000000000009d3c                __utee_call_elf_init_fn
                0x0000000000009e90                __utee_call_elf_fini_fn
                0x0000000000009f34                __utee_entry
 .text._utee_panic
                0x000000000000a1c4        0xc /home/jetson/Linux_for_Tegra/source/optee/optee_os/out/arm-plat-tegra/export-ta_arm64/lib/libutee.a(utee_syscalls_a64.o)
                0x000000000000a1c4                _utee_panic
 .text._utee_return
                0x000000000000a1d0        0xc /home/jetson/Linux_for_Tegra/source/optee/optee_os/out/arm-plat-tegra/export-ta_arm64/lib/libutee.a(utee_syscalls_a64.o)
                0x000000000000a1d0                _utee_return
 .text._utee_log
                0x000000000000a1dc        0xc /home/jetson/Linux_for_Tegra/source/optee/optee_os/out/arm-plat-tegra/export-ta_arm64/lib/libutee.a(utee_syscalls_a64.o)
                0x000000000000a1dc                _utee_log
 .text.__utee_panic
                0x000000000000a1e8        0xc /home/jetson/Linux_for_Tegra/source/optee/optee_os/out/arm-plat-tegra/export-ta_arm64/lib/libutee.a(utee_syscalls_a64.o)
                0x000000000000a1e8                __utee_panic
 .text._utee_get_property
                0x000000000000a1f4        0xc /home/jetson/Linux_for_Tegra/source/optee/optee_os/out/arm-plat-tegra/export-ta_arm64/lib/libutee.a(utee_syscalls_a64.o)
                0x000000000000a1f4                _utee_get_property
 .text._utee_get_property_name_to_index
                0x000000000000a200        0xc /home/jetson/Linux_for_Tegra/source/optee/optee_os/out/arm-plat-tegra/export-ta_arm64/lib/libutee.a(utee_syscalls_a64.o)
                0x000000000000a200                _utee_get_property_name_to_index
 .text._utee_open_ta_session
                0x000000000000a20c        0xc /home/jetson/Linux_for_Tegra/source/optee/optee_os/out/arm-plat-tegra/export-ta_arm64/lib/libutee.a(utee_syscalls_a64.o)
                0x000000000000a20c                _utee_open_ta_session
 .text._utee_close_ta_session
                0x000000000000a218        0xc /home/jetson/Linux_for_Tegra/source/optee/optee_os/out/arm-plat-tegra/export-ta_arm64/lib/libutee.a(utee_syscalls_a64.o)
                0x000000000000a218                _utee_close_ta_session
 .text._utee_invoke_ta_command
                0x000000000000a224        0xc /home/jetson/Linux_for_Tegra/source/optee/optee_os/out/arm-plat-tegra/export-ta_arm64/lib/libutee.a(utee_syscalls_a64.o)
                0x000000000000a224                _utee_invoke_ta_command
 .text._utee_get_cancellation_flag
                0x000000000000a230        0xc /home/jetson/Linux_for_Tegra/source/optee/optee_os/out/arm-plat-tegra/export-ta_arm64/lib/libutee.a(utee_syscalls_a64.o)
                0x000000000000a230                _utee_get_cancellation_flag
 .text._utee_check_access_rights
                0x000000000000a23c        0xc /home/jetson/Linux_for_Tegra/source/optee/optee_os/out/arm-plat-tegra/export-ta_arm64/lib/libutee.a(utee_syscalls_a64.o)
                0x000000000000a23c                _utee_check_access_rights
 .text._utee_unmask_cancellation
                0x000000000000a248        0xc /home/jetson/Linux_for_Tegra/source/optee/optee_os/out/arm-plat-tegra/export-ta_arm64/lib/libutee.a(utee_syscalls_a64.o)
                0x000000000000a248                _utee_unmask_cancellation
 .text._utee_mask_cancellation
                0x000000000000a254        0xc /home/jetson/Linux_for_Tegra/source/optee/optee_os/out/arm-plat-tegra/export-ta_arm64/lib/libutee.a(utee_syscalls_a64.o)
                0x000000000000a254                _utee_mask_cancellation
 .text._utee_wait
                0x000000000000a260        0xc /home/jetson/Linux_for_Tegra/source/optee/optee_os/out/arm-plat-tegra/export-ta_arm64/lib/libutee.a(utee_syscalls_a64.o)
                0x000000000000a260                _utee_wait
 .text._utee_get_time
                0x000000000000a26c        0xc /home/jetson/Linux_for_Tegra/source/optee/optee_os/out/arm-plat-tegra/export-ta_arm64/lib/libutee.a(utee_syscalls_a64.o)
                0x000000000000a26c                _utee_get_time
 .text._utee_set_ta_time
                0x000000000000a278        0xc /home/jetson/Linux_for_Tegra/source/optee/optee_os/out/arm-plat-tegra/export-ta_arm64/lib/libutee.a(utee_syscalls_a64.o)
                0x000000000000a278                _utee_set_ta_time
 .text._utee_cryp_state_alloc
                0x000000000000a284        0xc /home/jetson/Linux_for_Tegra/source/optee/optee_os/out/arm-plat-tegra/export-ta_arm64/lib/libutee.a(utee_syscalls_a64.o)
                0x000000000000a284                _utee_cryp_state_alloc
 .text._utee_cryp_state_copy
                0x000000000000a290        0xc /home/jetson/Linux_for_Tegra/source/optee/optee_os/out/arm-plat-tegra/export-ta_arm64/lib/libutee.a(utee_syscalls_a64.o)
                0x000000000000a290                _utee_cryp_state_copy
 .text._utee_cryp_state_free
                0x000000000000a29c        0xc /home/jetson/Linux_for_Tegra/source/optee/optee_os/out/arm-plat-tegra/export-ta_arm64/lib/libutee.a(utee_syscalls_a64.o)
                0x000000000000a29c                _utee_cryp_state_free
 .text._utee_hash_init
                0x000000000000a2a8        0xc /home/jetson/Linux_for_Tegra/source/optee/optee_os/out/arm-plat-tegra/export-ta_arm64/lib/libutee.a(utee_syscalls_a64.o)
                0x000000000000a2a8                _utee_hash_init
 .text._utee_hash_update
                0x000000000000a2b4        0xc /home/jetson/Linux_for_Tegra/source/optee/optee_os/out/arm-plat-tegra/export-ta_arm64/lib/libutee.a(utee_syscalls_a64.o)
                0x000000000000a2b4                _utee_hash_update
 .text._utee_hash_final
                0x000000000000a2c0        0xc /home/jetson/Linux_for_Tegra/source/optee/optee_os/out/arm-plat-tegra/export-ta_arm64/lib/libutee.a(utee_syscalls_a64.o)
                0x000000000000a2c0                _utee_hash_final
 .text._utee_cipher_init
                0x000000000000a2cc        0xc /home/jetson/Linux_for_Tegra/source/optee/optee_os/out/arm-plat-tegra/export-ta_arm64/lib/libutee.a(utee_syscalls_a64.o)
                0x000000000000a2cc                _utee_cipher_init
 .text._utee_cipher_update
                0x000000000000a2d8        0xc /home/jetson/Linux_for_Tegra/source/optee/optee_os/out/arm-plat-tegra/export-ta_arm64/lib/libutee.a(utee_syscalls_a64.o)
                0x000000000000a2d8                _utee_cipher_update
 .text._utee_cipher_final
                0x000000000000a2e4        0xc /home/jetson/Linux_for_Tegra/source/optee/optee_os/out/arm-plat-tegra/export-ta_arm64/lib/libutee.a(utee_syscalls_a64.o)
                0x000000000000a2e4                _utee_cipher_final
 .text._utee_cryp_obj_get_info
                0x000000000000a2f0        0xc /home/jetson/Linux_for_Tegra/source/optee/optee_os/out/arm-plat-tegra/export-ta_arm64/lib/libutee.a(utee_syscalls_a64.o)
                0x000000000000a2f0                _utee_cryp_obj_get_info
 .text._utee_cryp_obj_restrict_usage
                0x000000000000a2fc        0xc /home/jetson/Linux_for_Tegra/source/optee/optee_os/out/arm-plat-tegra/export-ta_arm64/lib/libutee.a(utee_syscalls_a64.o)
                0x000000000000a2fc                _utee_cryp_obj_restrict_usage
 .text._utee_cryp_obj_get_attr
                0x000000000000a308        0xc /home/jetson/Linux_for_Tegra/source/optee/optee_os/out/arm-plat-tegra/export-ta_arm64/lib/libutee.a(utee_syscalls_a64.o)
                0x000000000000a308                _utee_cryp_obj_get_attr
 .text._utee_cryp_obj_alloc
                0x000000000000a314        0xc /home/jetson/Linux_for_Tegra/source/optee/optee_os/out/arm-plat-tegra/export-ta_arm64/lib/libutee.a(utee_syscalls_a64.o)
                0x000000000000a314                _utee_cryp_obj_alloc
 .text._utee_cryp_obj_close
                0x000000000000a320        0xc /home/jetson/Linux_for_Tegra/source/optee/optee_os/out/arm-plat-tegra/export-ta_arm64/lib/libutee.a(utee_syscalls_a64.o)
                0x000000000000a320                _utee_cryp_obj_close
 .text._utee_cryp_obj_reset
                0x000000000000a32c        0xc /home/jetson/Linux_for_Tegra/source/optee/optee_os/out/arm-plat-tegra/export-ta_arm64/lib/libutee.a(utee_syscalls_a64.o)
                0x000000000000a32c                _utee_cryp_obj_reset
 .text._utee_cryp_obj_populate
                0x000000000000a338        0xc /home/jetson/Linux_for_Tegra/source/optee/optee_os/out/arm-plat-tegra/export-ta_arm64/lib/libutee.a(utee_syscalls_a64.o)
                0x000000000000a338                _utee_cryp_obj_populate
 .text._utee_cryp_obj_copy
                0x000000000000a344        0xc /home/jetson/Linux_for_Tegra/source/optee/optee_os/out/arm-plat-tegra/export-ta_arm64/lib/libutee.a(utee_syscalls_a64.o)
                0x000000000000a344                _utee_cryp_obj_copy
 .text._utee_cryp_derive_key
                0x000000000000a350        0xc /home/jetson/Linux_for_Tegra/source/optee/optee_os/out/arm-plat-tegra/export-ta_arm64/lib/libutee.a(utee_syscalls_a64.o)
                0x000000000000a350                _utee_cryp_derive_key
 .text._utee_cryp_random_number_generate
                0x000000000000a35c        0xc /home/jetson/Linux_for_Tegra/source/optee/optee_os/out/arm-plat-tegra/export-ta_arm64/lib/libutee.a(utee_syscalls_a64.o)
                0x000000000000a35c                _utee_cryp_random_number_generate
 .text._utee_authenc_init
                0x000000000000a368        0xc /home/jetson/Linux_for_Tegra/source/optee/optee_os/out/arm-plat-tegra/export-ta_arm64/lib/libutee.a(utee_syscalls_a64.o)
                0x000000000000a368                _utee_authenc_init
 .text._utee_authenc_update_aad
                0x000000000000a374        0xc /home/jetson/Linux_for_Tegra/source/optee/optee_os/out/arm-plat-tegra/export-ta_arm64/lib/libutee.a(utee_syscalls_a64.o)
                0x000000000000a374                _utee_authenc_update_aad
 .text._utee_authenc_update_payload
                0x000000000000a380        0xc /home/jetson/Linux_for_Tegra/source/optee/optee_os/out/arm-plat-tegra/export-ta_arm64/lib/libutee.a(utee_syscalls_a64.o)
                0x000000000000a380                _utee_authenc_update_payload
 .text._utee_authenc_enc_final
                0x000000000000a38c        0xc /home/jetson/Linux_for_Tegra/source/optee/optee_os/out/arm-plat-tegra/export-ta_arm64/lib/libutee.a(utee_syscalls_a64.o)
                0x000000000000a38c                _utee_authenc_enc_final
 .text._utee_authenc_dec_final
                0x000000000000a398        0xc /home/jetson/Linux_for_Tegra/source/optee/optee_os/out/arm-plat-tegra/export-ta_arm64/lib/libutee.a(utee_syscalls_a64.o)
                0x000000000000a398                _utee_authenc_dec_final
 .text._utee_asymm_operate
                0x000000000000a3a4        0xc /home/jetson/Linux_for_Tegra/source/optee/optee_os/out/arm-plat-tegra/export-ta_arm64/lib/libutee.a(utee_syscalls_a64.o)
                0x000000000000a3a4                _utee_asymm_operate
 .text._utee_asymm_verify
                0x000000000000a3b0        0xc /home/jetson/Linux_for_Tegra/source/optee/optee_os/out/arm-plat-tegra/export-ta_arm64/lib/libutee.a(utee_syscalls_a64.o)
                0x000000000000a3b0                _utee_asymm_verify
 .text._utee_storage_obj_open
                0x000000000000a3bc        0xc /home/jetson/Linux_for_Tegra/source/optee/optee_os/out/arm-plat-tegra/export-ta_arm64/lib/libutee.a(utee_syscalls_a64.o)
                0x000000000000a3bc                _utee_storage_obj_open
 .text._utee_storage_obj_create
                0x000000000000a3c8        0xc /home/jetson/Linux_for_Tegra/source/optee/optee_os/out/arm-plat-tegra/export-ta_arm64/lib/libutee.a(utee_syscalls_a64.o)
                0x000000000000a3c8                _utee_storage_obj_create
 .text._utee_storage_obj_del
                0x000000000000a3d4        0xc /home/jetson/Linux_for_Tegra/source/optee/optee_os/out/arm-plat-tegra/export-ta_arm64/lib/libutee.a(utee_syscalls_a64.o)
                0x000000000000a3d4                _utee_storage_obj_del
 .text._utee_storage_obj_rename
                0x000000000000a3e0        0xc /home/jetson/Linux_for_Tegra/source/optee/optee_os/out/arm-plat-tegra/export-ta_arm64/lib/libutee.a(utee_syscalls_a64.o)
                0x000000000000a3e0                _utee_storage_obj_rename
 .text._utee_storage_alloc_enum
                0x000000000000a3ec        0xc /home/jetson/Linux_for_Tegra/source/optee/optee_os/out/arm-plat-tegra/export-ta_arm64/lib/libutee.a(utee_syscalls_a64.o)
                0x000000000000a3ec                _utee_storage_alloc_enum
 .text._utee_storage_free_enum
                0x000000000000a3f8        0xc /home/jetson/Linux_for_Tegra/source/optee/optee_os/out/arm-plat-tegra/export-ta_arm64/lib/libutee.a(utee_syscalls_a64.o)
                0x000000000000a3f8                _utee_storage_free_enum
 .text._utee_storage_reset_enum
                0x000000000000a404        0xc /home/jetson/Linux_for_Tegra/source/optee/optee_os/out/arm-plat-tegra/export-ta_arm64/lib/libutee.a(utee_syscalls_a64.o)
                0x000000000000a404                _utee_storage_reset_enum
 .text._utee_storage_start_enum
                0x000000000000a410        0xc /home/jetson/Linux_for_Tegra/source/optee/optee_os/out/arm-plat-tegra/export-ta_arm64/lib/libutee.a(utee_syscalls_a64.o)
                0x000000000000a410                _utee_storage_start_enum
 .text._utee_storage_next_enum
                0x000000000000a41c        0xc /home/jetson/Linux_for_Tegra/source/optee/optee_os/out/arm-plat-tegra/export-ta_arm64/lib/libutee.a(utee_syscalls_a64.o)
                0x000000000000a41c                _utee_storage_next_enum
 .text._utee_storage_obj_read
                0x000000000000a428        0xc /home/jetson/Linux_for_Tegra/source/optee/optee_os/out/arm-plat-tegra/export-ta_arm64/lib/libutee.a(utee_syscalls_a64.o)
                0x000000000000a428                _utee_storage_obj_read
 .text._utee_storage_obj_write
                0x000000000000a434        0xc /home/jetson/Linux_for_Tegra/source/optee/optee_os/out/arm-plat-tegra/export-ta_arm64/lib/libutee.a(utee_syscalls_a64.o)
                0x000000000000a434                _utee_storage_obj_write
 .text._utee_storage_obj_trunc
                0x000000000000a440        0xc /home/jetson/Linux_for_Tegra/source/optee/optee_os/out/arm-plat-tegra/export-ta_arm64/lib/libutee.a(utee_syscalls_a64.o)
                0x000000000000a440                _utee_storage_obj_trunc
 .text._utee_storage_obj_seek
                0x000000000000a44c        0xc /home/jetson/Linux_for_Tegra/source/optee/optee_os/out/arm-plat-tegra/export-ta_arm64/lib/libutee.a(utee_syscalls_a64.o)
                0x000000000000a44c                _utee_storage_obj_seek
 .text._utee_cryp_obj_generate_key
                0x000000000000a458        0xc /home/jetson/Linux_for_Tegra/source/optee/optee_os/out/arm-plat-tegra/export-ta_arm64/lib/libutee.a(utee_syscalls_a64.o)
                0x000000000000a458                _utee_cryp_obj_generate_key
 .text._utee_cache_operation
                0x000000000000a464        0xc /home/jetson/Linux_for_Tegra/source/optee/optee_os/out/arm-plat-tegra/export-ta_arm64/lib/libutee.a(utee_syscalls_a64.o)
                0x000000000000a464                _utee_cache_operation
 .text.unlikely
                0x000000000000a470       0x20 /home/jetson/Linux_for_Tegra/source/optee/optee_os/out/arm-plat-tegra/export-ta_arm64/lib/libutee.a(abort.o)
                0x000000000000a470                abort
 .text          0x000000000000a490       0x58 /home/jetson/Linux_for_Tegra/source/optee/optee_os/out/arm-plat-tegra/export-ta_arm64/lib/libutee.a(assert.o)
                0x000000000000a490                _assert_log
                0x000000000000a4d4                _assert_break
 .text          0x000000000000a4e8     0x2228 /home/jetson/Linux_for_Tegra/source/optee/optee_os/out/arm-plat-tegra/export-ta_arm64/lib/libutee.a(tee_api_arith_mpi.o)
                0x000000000000ad5c                _TEE_MathAPI_Init
                0x000000000000adac                TEE_BigIntInit
                0x000000000000ae0c                __GP11_TEE_BigIntInit
                0x000000000000ae14                TEE_BigIntConvertFromOctetString
                0x000000000000aee4                __GP11_TEE_BigIntConvertFromOctetString
                0x000000000000aeec                TEE_BigIntConvertToOctetString
                0x000000000000afbc                __GP11_TEE_BigIntConvertToOctetString
                0x000000000000b028                TEE_BigIntConvertFromS32
                0x000000000000b0e4                TEE_BigIntConvertToS32
                0x000000000000b1a4                TEE_BigIntCmp
                0x000000000000b244                TEE_BigIntCmpS32
                0x000000000000b4a4                TEE_BigIntShiftRight
                0x000000000000b64c                __GP11_TEE_BigIntShiftRight
                0x000000000000b654                TEE_BigIntGetBit
                0x000000000000b6e0                TEE_BigIntGetBitCount
                0x000000000000b760                TEE_BigIntSetBit
                0x000000000000b818                TEE_BigIntAssign
                0x000000000000b868                TEE_BigIntAbs
                0x000000000000b894                TEE_BigIntAdd
                0x000000000000b8a0                TEE_BigIntSub
                0x000000000000b8ac                TEE_BigIntNeg
                0x000000000000b998                TEE_BigIntMul
                0x000000000000bab4                TEE_BigIntSquare
                0x000000000000babc                TEE_BigIntDiv
                0x000000000000bc78                TEE_BigIntMod
                0x000000000000bce4                TEE_BigIntAddMod
                0x000000000000bcf0                TEE_BigIntSubMod
                0x000000000000bcfc                TEE_BigIntMulMod
                0x000000000000bd08                TEE_BigIntSquareMod
                0x000000000000bd14                TEE_BigIntInvMod
                0x000000000000be6c                TEE_BigIntRelativePrime
                0x000000000000bf7c                TEE_BigIntExpMod
                0x000000000000c15c                TEE_BigIntComputeExtendedGcd
                0x000000000000c3d4                TEE_BigIntIsProbablePrime
                0x000000000000c474                TEE_BigIntInitFMM
                0x000000000000c478                __GP11_TEE_BigIntInitFMM
                0x000000000000c480                TEE_BigIntInitFMMContext
                0x000000000000c484                __GP11_TEE_BigIntInitFMMContext
                0x000000000000c48c                TEE_BigIntInitFMMContext1
                0x000000000000c494                TEE_BigIntFMMSizeInU32
                0x000000000000c4a4                __GP11_TEE_BigIntFMMSizeInU32
                0x000000000000c4bc                TEE_BigIntFMMContextSizeInU32
                0x000000000000c4c4                __GP11_TEE_BigIntFMMContextSizeInU32
                0x000000000000c4dc                TEE_BigIntConvertToFMM
                0x000000000000c4e0                TEE_BigIntConvertFromFMM
                0x000000000000c5bc                TEE_BigIntComputeFMM
 .text          0x000000000000c710     0x1044 /home/jetson/Linux_for_Tegra/source/optee/optee_os/out/arm-plat-tegra/export-ta_arm64/lib/libutee.a(tee_api_property.o)
                0x000000000000caf4                TEE_GetPropertyAsString
                0x000000000000cd60                __GP11_TEE_GetPropertyAsString
                0x000000000000ce04                TEE_GetPropertyAsBool
                0x000000000000cee4                TEE_GetPropertyAsU32
                0x000000000000cfd4                TEE_GetPropertyAsU64
                0x000000000000d0c4                __GP11_TEE_GetPropertyAsBinaryBlock
                0x000000000000d1b4                TEE_GetPropertyAsBinaryBlock
                0x000000000000d258                TEE_GetPropertyAsUUID
                0x000000000000d348                TEE_GetPropertyAsIdentity
                0x000000000000d438                TEE_ResetPropertyEnumerator
                0x000000000000d444                TEE_AllocatePropertyEnumerator
                0x000000000000d48c                TEE_FreePropertyEnumerator
                0x000000000000d490                TEE_StartPropertyEnumerator
                0x000000000000d4a0                __GP11_TEE_GetPropertyName
                0x000000000000d5d8                TEE_GetPropertyName
                0x000000000000d66c                TEE_GetNextProperty
 .text          0x000000000000d754      0x34c /home/jetson/Linux_for_Tegra/source/optee/optee_os/out/arm-plat-tegra/export-ta_arm64/lib/libutee.a(tcb.o)
                0x000000000000d754                __utee_tcb_init
                0x000000000000d994                __tls_get_addr
                0x000000000000d9b0                dl_iterate_phdr
 .text          0x000000000000daa0      0x250 /home/jetson/Linux_for_Tegra/source/optee/optee_os/out/arm-plat-tegra/export-ta_arm64/lib/libutee.a(base64.o)
                0x000000000000daa0                _base64_enc_len
                0x000000000000dab8                _base64_enc
                0x000000000000dbcc                _base64_dec
 .text          0x000000000000dcf0     0x372c /home/jetson/Linux_for_Tegra/source/optee/optee_os/out/arm-plat-tegra/export-ta_arm64/lib/libmbedtls.a(bignum.o)
                0x000000000000de58                mbedtls_mpi_init
                0x000000000000de6c                mbedtls_mpi_init_mempool
                0x000000000000de94                mbedtls_mpi_free
                0x000000000000df00                mbedtls_mpi_grow
                0x000000000000e054                mbedtls_mpi_shrink
                0x000000000000e16c                mbedtls_mpi_copy
                0x000000000000e238                mbedtls_mpi_swap
                0x000000000000e2cc                mbedtls_mpi_lset
                0x000000000000e334                mbedtls_mpi_get_bit
                0x000000000000e360                mbedtls_mpi_set_bit
                0x000000000000e3ec                mbedtls_mpi_lsb
                0x000000000000e440                mbedtls_mpi_bitlen
                0x000000000000e448                mbedtls_mpi_size
                0x000000000000e464                mbedtls_mpi_read_binary_le
                0x000000000000e4c0                mbedtls_mpi_read_binary
                0x000000000000e51c                mbedtls_mpi_write_binary_le
                0x000000000000e52c                mbedtls_mpi_write_binary
                0x000000000000e53c                mbedtls_mpi_shift_l
                0x000000000000e64c                mbedtls_mpi_shift_r
                0x000000000000e67c                mbedtls_mpi_cmp_abs
                0x000000000000e718                mbedtls_mpi_cmp_mpi
                0x000000000000e7e8                mbedtls_mpi_cmp_int
                0x000000000000e868                mbedtls_mpi_add_abs
                0x000000000000e960                mbedtls_mpi_sub_abs
                0x000000000000eb18                mbedtls_mpi_add_mpi
                0x000000000000eb20                mbedtls_mpi_sub_mpi
                0x000000000000eb28                mbedtls_mpi_add_int
                0x000000000000eba8                mbedtls_mpi_sub_int
                0x000000000000ec28                mbedtls_mpi_mul_mpi
                0x000000000000edec                mbedtls_mpi_mul_int
                0x000000000000eea0                mbedtls_mpi_read_string
                0x000000000000f0b4                mbedtls_mpi_div_mpi
                0x000000000000f5dc                mbedtls_mpi_div_int
                0x000000000000f65c                mbedtls_mpi_mod_mpi
                0x000000000000f710                mbedtls_mpi_mod_int
                0x000000000000f7ac                mbedtls_mpi_write_string
                0x000000000000faf4                mbedtls_mpi_montg_init
                0x000000000000fb1c                mbedtls_mpi_montmul
                0x000000000000fb28                mbedtls_mpi_montred
                0x000000000000fb2c                mbedtls_mpi_exp_mod
                0x00000000000101cc                mbedtls_mpi_gcd
                0x00000000000103ac                mbedtls_mpi_fill_random
                0x00000000000106c0                mbedtls_mpi_random
                0x0000000000010754                mbedtls_mpi_inv_mod
                0x0000000000010bb4                mbedtls_mpi_is_prime_ext
                0x0000000000010ca0                mbedtls_mpi_gen_prime
                0x0000000000010ff4                mbedtls_mpi_self_test
 .text          0x000000000001141c      0xe78 /home/jetson/Linux_for_Tegra/source/optee/optee_os/out/arm-plat-tegra/export-ta_arm64/lib/libmbedtls.a(bignum_core.o)
                0x000000000001141c                mbedtls_mpi_core_clz
                0x0000000000011444                mbedtls_mpi_core_bitlen
                0x0000000000011498                mbedtls_mpi_core_bigendian_to_host
                0x00000000000114cc                mbedtls_mpi_core_uint_le_mpi
                0x0000000000011530                mbedtls_mpi_core_cond_assign
                0x0000000000011554                mbedtls_mpi_core_cond_swap
                0x00000000000115d0                mbedtls_mpi_core_read_le
                0x000000000001165c                mbedtls_mpi_core_read_be
                0x00000000000116ec                mbedtls_mpi_core_write_le
                0x0000000000011798                mbedtls_mpi_core_write_be
                0x0000000000011850                mbedtls_mpi_core_shift_r
                0x000000000001192c                mbedtls_mpi_core_add
                0x0000000000011968                mbedtls_mpi_core_add_if
                0x00000000000119d8                mbedtls_mpi_core_sub
                0x0000000000011a1c                mbedtls_mpi_core_mla
                0x0000000000011be8                mbedtls_mpi_core_montmul_init
                0x0000000000011c1c                mbedtls_mpi_core_montmul
                0x0000000000011d14                mbedtls_mpi_core_get_mont_r2_unsafe
                0x0000000000011d7c                mbedtls_mpi_core_fill_random
                0x0000000000011e2c                mbedtls_mpi_core_random
                0x0000000000011f24                mbedtls_mpi_core_exp_mod_working_limbs
                0x0000000000011f4c                mbedtls_mpi_core_exp_mod
                0x00000000000121ac                mbedtls_mpi_core_sub_int
                0x00000000000121dc                mbedtls_mpi_core_check_zero_ct
                0x0000000000012204                mbedtls_mpi_core_to_mont_rep
                0x0000000000012220                mbedtls_mpi_core_from_mont_rep
 .text          0x0000000000012294      0x774 /home/jetson/Linux_for_Tegra/source/optee/optee_os/out/arm-plat-tegra/export-ta_arm64/lib/libmbedtls.a(constant_time.o)
                0x00000000000122b4                mbedtls_ct_memcmp
                0x00000000000122e8                mbedtls_ct_uint_mask
                0x00000000000122f8                mbedtls_ct_mpi_uint_mask
                0x0000000000012308                mbedtls_ct_size_bool_eq
                0x0000000000012320                mbedtls_ct_mpi_uint_lt
                0x000000000001233c                mbedtls_ct_uint_if
                0x000000000001236c                mbedtls_ct_mpi_uint_cond_assign
                0x00000000000123a8                mbedtls_ct_base64_enc_char
                0x000000000001245c                mbedtls_ct_base64_dec_value
                0x0000000000012518                mbedtls_mpi_safe_cond_assign
                0x00000000000125d4                mbedtls_mpi_safe_cond_swap
                0x000000000001268c                mbedtls_mpi_core_lt_ct
                0x000000000001270c                mbedtls_mpi_lt_mpi_ct
                0x0000000000012804                mbedtls_ct_rsaes_pkcs1_v15_unpadding
 .text          0x0000000000012a08      0x234 /home/jetson/Linux_for_Tegra/source/optee/optee_os/out/arm-plat-tegra/export-ta_arm64/lib/libmbedtls.a(platform_util.o)
                0x0000000000012a08                mbedtls_get_unaligned_uint16
                0x0000000000012a64                mbedtls_put_unaligned_uint16
                0x0000000000012a7c                mbedtls_get_unaligned_uint32
                0x0000000000012ae0                mbedtls_put_unaligned_uint32
                0x0000000000012b00                mbedtls_get_unaligned_uint64
                0x0000000000012b64                mbedtls_put_unaligned_uint64
                0x0000000000012b84                mbedtls_xor
                0x0000000000012c1c                mbedtls_platform_zeroize
 .text          0x0000000000012c3c      0xce4 /home/jetson/Linux_for_Tegra/source/optee/optee_os/out/arm-plat-tegra/export-ta_arm64/lib/libutils.a(bget_malloc.o)
                0x0000000000012c74                bget
                0x0000000000012f38                bgetz
                0x0000000000012fc0                brel
                0x0000000000013244                bgetr
                0x0000000000013314                bpool
                0x00000000000133e4                raw_memalign
                0x0000000000013438                raw_malloc
                0x0000000000013448                raw_free
                0x0000000000013458                raw_calloc
                0x00000000000134a8                raw_realloc
                0x0000000000013590                malloc
                0x00000000000135a8                calloc
                0x00000000000135c4                realloc
                0x00000000000135dc                memalign
                0x00000000000135f8                aligned_alloc
                0x0000000000013610                free
                0x0000000000013620                free_wipe
                0x0000000000013630                raw_malloc_get_ctx_size
                0x0000000000013638                raw_malloc_init_ctx
                0x000000000001364c                raw_malloc_add_pool
                0x0000000000013714                raw_malloc_buffer_overlaps_heap
                0x0000000000013794                raw_malloc_buffer_is_within_alloced
                0x00000000000138e4                malloc_add_pool
                0x00000000000138f8                malloc_buffer_is_within_alloced
                0x000000000001390c                malloc_buffer_overlaps_heap
 .text          0x0000000000013920      0x134 /home/jetson/Linux_for_Tegra/source/optee/optee_os/out/arm-plat-tegra/export-ta_arm64/lib/libutils.a(snprintf.o)
                0x0000000000013920                snprintf
                0x00000000000139fc                vsnprintf
 .text          0x0000000000013a54       0x5c /home/jetson/Linux_for_Tegra/source/optee/optee_os/out/arm-plat-tegra/export-ta_arm64/lib/libutils.a(memmove.o)
                0x0000000000013a54                memmove
 .text          0x0000000000013ab0       0x1c /home/jetson/Linux_for_Tegra/source/optee/optee_os/out/arm-plat-tegra/export-ta_arm64/lib/libutils.a(memset.o)
                0x0000000000013ab0                memset
 .text          0x0000000000013acc       0x24 /home/jetson/Linux_for_Tegra/source/optee/optee_os/out/arm-plat-tegra/export-ta_arm64/lib/libutils.a(strcmp.o)
                0x0000000000013acc                strcmp
 .text          0x0000000000013af0       0x38 /home/jetson/Linux_for_Tegra/source/optee/optee_os/out/arm-plat-tegra/export-ta_arm64/lib/libutils.a(strlcpy.o)
                0x0000000000013af0                strlcpy
 .text          0x0000000000013b28      0x198 /home/jetson/Linux_for_Tegra/source/optee/optee_os/out/arm-plat-tegra/export-ta_arm64/lib/libutils.a(mempool.o)
                0x0000000000013b28                mempool_alloc_pool
                0x0000000000013bf0                mempool_alloc
                0x0000000000013c54                mempool_calloc
                0x0000000000013ca4                mempool_free
 .text          0x0000000000013cc0       0x70 /home/jetson/Linux_for_Tegra/source/optee/optee_os/out/arm-plat-tegra/export-ta_arm64/lib/libutils.a(consttime_memcmp.o)
                0x0000000000013cc0                consttime_memcmp
 .text          0x0000000000013d30        0x0 /home/jetson/Linux_for_Tegra/source/optee/optee_os/out/arm-plat-tegra/export-ta_arm64/lib/libutee.a(utee_syscalls_a64.o)
 .text          0x0000000000013d30        0x0 /home/jetson/Linux_for_Tegra/source/optee/optee_os/out/arm-plat-tegra/export-ta_arm64/lib/libutee.a(abort.o)
 *(SORT_BY_ALIGNMENT(.stub))
 *(SORT_BY_ALIGNMENT(.glue_7))
 *(SORT_BY_ALIGNMENT(.glue_7t))
 *(SORT_BY_ALIGNMENT(.gnu.linkonce.t.*))
 *(SORT_BY_ALIGNMENT(.vfp11_veneer))
                0x0000000000013d30                __text_end = .

.note.gnu.property
 *(SORT_BY_ALIGNMENT(.note.gnu.property))

.plt            0x0000000000013d30        0x0
 *(SORT_BY_ALIGNMENT(.plt))
 .plt           0x0000000000013d30        0x0 ./ta_mission.o

.eh_frame_hdr
 *(SORT_BY_ALIGNMENT(.eh_frame_hdr))
 *(SORT_BY_ALIGNMENT(.eh_frame_entry) SORT_BY_ALIGNMENT(.eh_frame_entry.*))

.eh_frame       0x0000000000013d30     0x3fec
 *(SORT_BY_ALIGNMENT(.eh_frame))
 .eh_frame      0x0000000000013d30      0x108 ./ta_mission.o
 .eh_frame      0x0000000000013e38       0x30 ./user_ta_header.o
                                         0x40 (size before relaxing)
 .eh_frame      0x0000000000013e68       0x18 /home/jetson/Linux_for_Tegra/source/optee/optee_os/out/arm-plat-tegra/export-ta_arm64/lib/libutils.a(stack_check.o)
                                         0x30 (size before relaxing)
 .eh_frame      0x0000000000013e80       0xb8 /home/jetson/Linux_for_Tegra/source/optee/optee_os/out/arm-plat-tegra/export-ta_arm64/lib/libutils.a(trace.o)
                                         0xc8 (size before relaxing)
 .eh_frame      0x0000000000013f38       0x18 /home/jetson/Linux_for_Tegra/source/optee/optee_os/out/arm-plat-tegra/export-ta_arm64/lib/libutils.a(memcpy.o)
                                         0x28 (size before relaxing)
 .eh_frame      0x0000000000013f50       0xf0 /home/jetson/Linux_for_Tegra/source/optee/optee_os/out/arm-plat-tegra/export-ta_arm64/lib/libutils.a(snprintk.o)
                                        0x108 (size before relaxing)
 .eh_frame      0x0000000000014040       0x18 /home/jetson/Linux_for_Tegra/source/optee/optee_os/out/arm-plat-tegra/export-ta_arm64/lib/libutils.a(memchr.o)
                                         0x28 (size before relaxing)
 .eh_frame      0x0000000000014058       0x18 /home/jetson/Linux_for_Tegra/source/optee/optee_os/out/arm-plat-tegra/export-ta_arm64/lib/libutils.a(strlen.o)
                                         0x28 (size before relaxing)
 .eh_frame      0x0000000000014070       0xa8 /home/jetson/Linux_for_Tegra/source/optee/optee_os/out/arm-plat-tegra/export-ta_arm64/lib/libutee.a(trace_ext.o)
                                         0xc0 (size before relaxing)
 .eh_frame      0x0000000000014118      0x590 /home/jetson/Linux_for_Tegra/source/optee/optee_os/out/arm-plat-tegra/export-ta_arm64/lib/libutee.a(tee_api.o)
                                        0x5a8 (size before relaxing)
 .eh_frame      0x00000000000146a8      0x778 /home/jetson/Linux_for_Tegra/source/optee/optee_os/out/arm-plat-tegra/export-ta_arm64/lib/libutee.a(tee_api_objects.o)
                                        0x788 (size before relaxing)
 .eh_frame      0x0000000000014e20      0xb00 /home/jetson/Linux_for_Tegra/source/optee/optee_os/out/arm-plat-tegra/export-ta_arm64/lib/libutee.a(tee_api_operations.o)
                                        0xb18 (size before relaxing)
 .eh_frame      0x0000000000015920      0x178 /home/jetson/Linux_for_Tegra/source/optee/optee_os/out/arm-plat-tegra/export-ta_arm64/lib/libutee.a(tee_api_panic.o)
                                        0x188 (size before relaxing)
 .eh_frame      0x0000000000015a98       0xb0 /home/jetson/Linux_for_Tegra/source/optee/optee_os/out/arm-plat-tegra/export-ta_arm64/lib/libutee.a(tee_system_pta.o)
                                         0xc0 (size before relaxing)
 .eh_frame      0x0000000000015b48      0x150 /home/jetson/Linux_for_Tegra/source/optee/optee_os/out/arm-plat-tegra/export-ta_arm64/lib/libutee.a(user_ta_entry.o)
                                        0x168 (size before relaxing)
 .eh_frame      0x0000000000015c98       0x18 /home/jetson/Linux_for_Tegra/source/optee/optee_os/out/arm-plat-tegra/export-ta_arm64/lib/libutee.a(abort.o)
                                         0x30 (size before relaxing)
 .eh_frame      0x0000000000015cb0       0x38 /home/jetson/Linux_for_Tegra/source/optee/optee_os/out/arm-plat-tegra/export-ta_arm64/lib/libutee.a(assert.o)
                                         0x50 (size before relaxing)
 .eh_frame      0x0000000000015ce8      0x7f8 /home/jetson/Linux_for_Tegra/source/optee/optee_os/out/arm-plat-tegra/export-ta_arm64/lib/libutee.a(tee_api_arith_mpi.o)
                                        0x810 (size before relaxing)
 .eh_frame      0x00000000000164e0      0x328 /home/jetson/Linux_for_Tegra/source/optee/optee_os/out/arm-plat-tegra/export-ta_arm64/lib/libutee.a(tee_api_property.o)
                                        0x340 (size before relaxing)
 .eh_frame      0x0000000000016808       0x90 /home/jetson/Linux_for_Tegra/source/optee/optee_os/out/arm-plat-tegra/export-ta_arm64/lib/libutee.a(tcb.o)
                                         0xa0 (size before relaxing)
 .eh_frame      0x0000000000016898       0x58 /home/jetson/Linux_for_Tegra/source/optee/optee_os/out/arm-plat-tegra/export-ta_arm64/lib/libutee.a(base64.o)
                                         0x70 (size before relaxing)
 .eh_frame      0x00000000000168f0      0x918 /home/jetson/Linux_for_Tegra/source/optee/optee_os/out/arm-plat-tegra/export-ta_arm64/lib/libmbedtls.a(bignum.o)
                                        0x930 (size before relaxing)
 .eh_frame      0x0000000000017208      0x3c8 /home/jetson/Linux_for_Tegra/source/optee/optee_os/out/arm-plat-tegra/export-ta_arm64/lib/libmbedtls.a(bignum_core.o)
                                        0x3e0 (size before relaxing)
 .eh_frame      0x00000000000175d0      0x218 /home/jetson/Linux_for_Tegra/source/optee/optee_os/out/arm-plat-tegra/export-ta_arm64/lib/libmbedtls.a(constant_time.o)
                                        0x228 (size before relaxing)
 .eh_frame      0x00000000000177e8      0x110 /home/jetson/Linux_for_Tegra/source/optee/optee_os/out/arm-plat-tegra/export-ta_arm64/lib/libmbedtls.a(platform_util.o)
                                        0x128 (size before relaxing)
 .eh_frame      0x00000000000178f8      0x2c8 /home/jetson/Linux_for_Tegra/source/optee/optee_os/out/arm-plat-tegra/export-ta_arm64/lib/libutils.a(bget_malloc.o)
                                        0x2d8 (size before relaxing)
 .eh_frame      0x0000000000017bc0       0x58 /home/jetson/Linux_for_Tegra/source/optee/optee_os/out/arm-plat-tegra/export-ta_arm64/lib/libutils.a(snprintf.o)
                                         0x70 (size before relaxing)
 .eh_frame      0x0000000000017c18       0x18 /home/jetson/Linux_for_Tegra/source/optee/optee_os/out/arm-plat-tegra/export-ta_arm64/lib/libutils.a(memmove.o)
                                         0x28 (size before relaxing)
 .eh_frame      0x0000000000017c30       0x18 /home/jetson/Linux_for_Tegra/source/optee/optee_os/out/arm-plat-tegra/export-ta_arm64/lib/libutils.a(memset.o)
                                         0x28 (size before relaxing)
 .eh_frame      0x0000000000017c48       0x18 /home/jetson/Linux_for_Tegra/source/optee/optee_os/out/arm-plat-tegra/export-ta_arm64/lib/libutils.a(strcmp.o)
                                         0x28 (size before relaxing)
 .eh_frame      0x0000000000017c60       0x18 /home/jetson/Linux_for_Tegra/source/optee/optee_os/out/arm-plat-tegra/export-ta_arm64/lib/libutils.a(strlcpy.o)
                                         0x28 (size before relaxing)
 .eh_frame      0x0000000000017c78       0x88 /home/jetson/Linux_for_Tegra/source/optee/optee_os/out/arm-plat-tegra/export-ta_arm64/lib/libutils.a(mempool.o)
                                         0xa0 (size before relaxing)
 .eh_frame      0x0000000000017d00       0x1c /home/jetson/Linux_for_Tegra/source/optee/optee_os/out/arm-plat-tegra/export-ta_arm64/lib/libutils.a(consttime_memcmp.o)
                                         0x30 (size before relaxing)
 *(SORT_BY_ALIGNMENT(.eh_frame.*))

.gcc_except_table
 *(SORT_BY_ALIGNMENT(.gcc_except_table) SORT_BY_ALIGNMENT(.gcc_except_table.*))

.rodata         0x0000000000017d20     0x18c8
 *(SORT_BY_ALIGNMENT(.gnu.linkonce.r.*))
 *(SORT_BY_ALIGNMENT(.rodata) SORT_BY_ALIGNMENT(.rodata.*))
 .rodata.user_ta_header.c
                0x0000000000017d20       0x33 ./user_ta_header.o
                0x0000000000017d20                ta_num_props
                0x0000000000017d40                __ta_no_share_heap_size
                0x0000000000017d48                ta_heap_size
                0x0000000000017d50                trace_ext_prefix
 *fill*         0x0000000000017d53        0x5 
 .rodata.lib/libutee/tee_api.c
                0x0000000000017d58       0x20 /home/jetson/Linux_for_Tegra/source/optee/optee_os/out/arm-plat-tegra/export-ta_arm64/lib/libutee.a(tee_api.o)
 .rodata.ta_mission.c
                0x0000000000017d78      0x15f ./ta_mission.o
                0x0000000000017eb7                ta_mission_pubkey
 *fill*         0x0000000000017ed7        0x1 
 .rodata.lib/libutils/ext/snprintk.c
                0x0000000000017ed8       0xac /home/jetson/Linux_for_Tegra/source/optee/optee_os/out/arm-plat-tegra/export-ta_arm64/lib/libutils.a(snprintk.o)
 .rodata.lib/libutee/tee_api_operations.c
                0x0000000000017f84       0x20 /home/jetson/Linux_for_Tegra/source/optee/optee_os/out/arm-plat-tegra/export-ta_arm64/lib/libutee.a(tee_api_operations.o)
 .rodata.lib/libutee/tee_system_pta.c
                0x0000000000017fa4       0x31 /home/jetson/Linux_for_Tegra/source/optee/optee_os/out/arm-plat-tegra/export-ta_arm64/lib/libutee.a(tee_system_pta.o)
 *fill*         0x0000000000017fd5        0x3 
 .rodata.lib/libutee/tee_api_property.c
                0x0000000000017fd8       0x20 /home/jetson/Linux_for_Tegra/source/optee/optee_os/out/arm-plat-tegra/export-ta_arm64/lib/libutee.a(tee_api_property.o)
 .rodata.lib/libutee/base64.c
                0x0000000000017ff8       0x45 /home/jetson/Linux_for_Tegra/source/optee/optee_os/out/arm-plat-tegra/export-ta_arm64/lib/libutee.a(base64.o)
 *fill*         0x000000000001803d        0x3 
 .rodata.lib/libmbedtls/mbedtls/library/bignum.c
                0x0000000000018040      0x2c4 /home/jetson/Linux_for_Tegra/source/optee/optee_os/out/arm-plat-tegra/export-ta_arm64/lib/libmbedtls.a(bignum.o)
 .rodata.str1.1.ta_mission.c
                0x0000000000018304      0x4f4 ./ta_mission.o
 .rodata.str1.1.user_ta_header.c
                0x00000000000187f8      0x11d ./user_ta_header.o
 .rodata.str1.1.lib/libutils/isoc/stack_check.c
                0x0000000000018915       0x18 /home/jetson/Linux_for_Tegra/source/optee/optee_os/out/arm-plat-tegra/export-ta_arm64/lib/libutils.a(stack_check.o)
 .rodata.str1.1.lib/libutils/ext/trace.c
                0x000000000001892d       0x1a /home/jetson/Linux_for_Tegra/source/optee/optee_os/out/arm-plat-tegra/export-ta_arm64/lib/libutils.a(trace.o)
                                         0x1b (size before relaxing)
 .rodata.lib/libutils/ext/trace.c
                0x0000000000018947        0x5 /home/jetson/Linux_for_Tegra/source/optee/optee_os/out/arm-plat-tegra/export-ta_arm64/lib/libutils.a(trace.o)
 .rodata.str1.1.lib/libutils/ext/snprintk.c
                0x000000000001894c       0x38 /home/jetson/Linux_for_Tegra/source/optee/optee_os/out/arm-plat-tegra/export-ta_arm64/lib/libutils.a(snprintk.o)
 .rodata.str1.1.lib/libutee/trace_ext.c
                0x0000000000018984       0x38 /home/jetson/Linux_for_Tegra/source/optee/optee_os/out/arm-plat-tegra/export-ta_arm64/lib/libutee.a(trace_ext.o)
                                          0x2 (size before relaxing)
 .rodata.str1.1.lib/libutee/tee_api.c
                0x0000000000018984       0x11 /home/jetson/Linux_for_Tegra/source/optee/optee_os/out/arm-plat-tegra/export-ta_arm64/lib/libutee.a(tee_api.o)
 .rodata.str1.1.lib/libutee/tee_api_operations.c
                0x0000000000018995       0x39 /home/jetson/Linux_for_Tegra/source/optee/optee_os/out/arm-plat-tegra/export-ta_arm64/lib/libutee.a(tee_api_operations.o)
 .rodata.str1.1.lib/libutee/tee_system_pta.c
                0x00000000000189ce       0x55 /home/jetson/Linux_for_Tegra/source/optee/optee_os/out/arm-plat-tegra/export-ta_arm64/lib/libutee.a(tee_system_pta.o)
 .rodata.str1.1.lib/libutee/user_ta_entry.c
                0x0000000000018a23       0x4f /home/jetson/Linux_for_Tegra/source/optee/optee_os/out/arm-plat-tegra/export-ta_arm64/lib/libutee.a(user_ta_entry.o)
 .rodata.lib/libutee/user_ta_entry.c
                0x0000000000018a72       0x16 /home/jetson/Linux_for_Tegra/source/optee/optee_os/out/arm-plat-tegra/export-ta_arm64/lib/libutee.a(user_ta_entry.o)
 .rodata.str1.1.lib/libutee/abort.c
                0x0000000000018a88        0x7 /home/jetson/Linux_for_Tegra/source/optee/optee_os/out/arm-plat-tegra/export-ta_arm64/lib/libutee.a(abort.o)
 .rodata.str1.1.lib/libutee/assert.c
                0x0000000000018a8f       0x27 /home/jetson/Linux_for_Tegra/source/optee/optee_os/out/arm-plat-tegra/export-ta_arm64/lib/libutee.a(assert.o)
 .rodata.str1.1.lib/libutee/tee_api_arith_mpi.c
                0x0000000000018ab6       0xc9 /home/jetson/Linux_for_Tegra/source/optee/optee_os/out/arm-plat-tegra/export-ta_arm64/lib/libutee.a(tee_api_arith_mpi.o)
 .rodata.lib/libutee/tee_api_arith_mpi.c
                0x0000000000018b7f      0x14e /home/jetson/Linux_for_Tegra/source/optee/optee_os/out/arm-plat-tegra/export-ta_arm64/lib/libutee.a(tee_api_arith_mpi.o)
 .rodata.str1.1.lib/libutee/tee_api_property.c
                0x0000000000018ccd       0x80 /home/jetson/Linux_for_Tegra/source/optee/optee_os/out/arm-plat-tegra/export-ta_arm64/lib/libutee.a(tee_api_property.o)
                                         0x88 (size before relaxing)
 .rodata.str1.1.lib/libutee/tcb.c
                0x0000000000018d4d       0x8d /home/jetson/Linux_for_Tegra/source/optee/optee_os/out/arm-plat-tegra/export-ta_arm64/lib/libutee.a(tcb.o)
 .rodata.lib/libutee/tcb.c
                0x0000000000018dda       0x20 /home/jetson/Linux_for_Tegra/source/optee/optee_os/out/arm-plat-tegra/export-ta_arm64/lib/libutee.a(tcb.o)
 .rodata.str1.1.lib/libmbedtls/mbedtls/library/bignum.c
                0x0000000000018dfa      0x456 /home/jetson/Linux_for_Tegra/source/optee/optee_os/out/arm-plat-tegra/export-ta_arm64/lib/libmbedtls.a(bignum.o)
                                        0x45d (size before relaxing)
 .rodata.str1.1.lib/libutils/isoc/bget_malloc.c
                0x0000000000019250      0x292 /home/jetson/Linux_for_Tegra/source/optee/optee_os/out/arm-plat-tegra/export-ta_arm64/lib/libutils.a(bget_malloc.o)
                                        0x29b (size before relaxing)
 .rodata.lib/libutils/isoc/bget_malloc.c
                0x00000000000194e2       0x51 /home/jetson/Linux_for_Tegra/source/optee/optee_os/out/arm-plat-tegra/export-ta_arm64/lib/libutils.a(bget_malloc.o)
 .rodata.str1.1.lib/libutils/ext/mempool.c
                0x0000000000019533       0x89 /home/jetson/Linux_for_Tegra/source/optee/optee_os/out/arm-plat-tegra/export-ta_arm64/lib/libutils.a(mempool.o)
 .rodata.lib/libutils/ext/mempool.c
                0x00000000000195bc       0x2c /home/jetson/Linux_for_Tegra/source/optee/optee_os/out/arm-plat-tegra/export-ta_arm64/lib/libutils.a(mempool.o)

.gnu.version_d  0x00000000000195e8        0x0
 .gnu.version_d
                0x00000000000195e8        0x0 ./ta_mission.o

.gnu.version    0x00000000000195e8        0x0
 .gnu.version   0x00000000000195e8        0x0 ./ta_mission.o

.gnu.version_r  0x00000000000195e8        0x0
 .gnu.version_r
                0x00000000000195e8        0x0 ./ta_mission.o

.gnu.hash       0x00000000000195e8       0x34
 .gnu.hash      0x00000000000195e8       0x34 ./ta_mission.o

.ta_head        0x0000000000019620       0x20
 .ta_head       0x0000000000019620       0x20 ./user_ta_header.o
                0x0000000000019620                ta_head

.ARM.extab
 *(SORT_BY_ALIGNMENT(.ARM.extab*) SORT_BY_ALIGNMENT(.gnu.linkonce.armextab.*))
                [!provide]                        PROVIDE (__exidx_start = .)

.ARM.exidx
 *(SORT_BY_ALIGNMENT(.ARM.exidx*) SORT_BY_ALIGNMENT(.gnu.linkonce.armexidx.*))
                [!provide]                        PROVIDE (__exidx_end = .)

.ctors
 *(SORT_BY_ALIGNMENT(.ctors))

.dtors
 *(SORT_BY_ALIGNMENT(.dtors))

.dynsym         0x0000000000019640       0xa8
 *(SORT_BY_ALIGNMENT(.dynsym))
 .dynsym        0x0000000000019640       0xa8 ./ta_mission.o

.dynstr         0x00000000000196e8       0x36
 *(SORT_BY_ALIGNMENT(.dynstr))
 .dynstr        0x00000000000196e8       0x36 ./ta_mission.o

.hash           0x0000000000019720       0x30
 *(SORT_BY_ALIGNMENT(.hash))
 .hash          0x0000000000019720       0x30 ./ta_mission.o

.rela.dyn       0x0000000000019750      0x330
 .rela.data.rel.ro
                0x0000000000019750        0x0 ./ta_mission.o
 .rela.ifunc    0x0000000000019750        0x0 ./ta_mission.o
 .rela.data.rel.ro.local
                0x0000000000019750      0x2b8 ./ta_mission.o
 .rela.data.rel.local
                0x0000000000019a08       0x60 ./ta_mission.o
 .rela.data.rel
                0x0000000000019a68       0x18 ./ta_mission.o
                0x000000000001a000                . = ALIGN (0x1000)

.dynamic        0x000000000001a000      0x110
 *(SORT_BY_ALIGNMENT(.dynamic))
 .dynamic       0x000000000001a000      0x110 ./ta_mission.o
                0x000000000001a000                _DYNAMIC

.tdata
 *(SORT_BY_ALIGNMENT(.tdata) SORT_BY_ALIGNMENT(.tdata.*) SORT_BY_ALIGNMENT(.gnu.linkonce.td.*))

.tbss
 *(SORT_BY_ALIGNMENT(.tbss) SORT_BY_ALIGNMENT(.tbss.*) SORT_BY_ALIGNMENT(.gnu.linkonce.tb.*))
 *(SORT_BY_ALIGNMENT(.tcommon))

.got            0x000000000001a110       0xd8
 *(SORT_BY_ALIGNMENT(.got.plt))
 .got.plt       0x000000000001a110       0x18 ./ta_mission.o
 *(SORT_BY_ALIGNMENT(.got))
 .got           0x000000000001a128       0xc0 ./ta_mission.o
                0x000000000001a128                _GLOBAL_OFFSET_TABLE_

.rel.text
 *(SORT_BY_ALIGNMENT(.rel.text))
 *(SORT_BY_ALIGNMENT(.rel.gnu.linkonce.t*))

.rela.text
 *(SORT_BY_ALIGNMENT(.rela.text))
 *(SORT_BY_ALIGNMENT(.rela.gnu.linkonce.t*))

.rel.data
 *(SORT_BY_ALIGNMENT(.rel.data))
 *(SORT_BY_ALIGNMENT(.rel.gnu.linkonce.d*))

.rela.data
 *(SORT_BY_ALIGNMENT(.rela.data))
 *(SORT_BY_ALIGNMENT(.rela.gnu.linkonce.d*))

.rel.tdata
 *(SORT_BY_ALIGNMENT(.rel.tdata) SORT_BY_ALIGNMENT(.rel.tdata.*) SORT_BY_ALIGNMENT(.rel.gnu.linkonce.td.*))

.rela.tdata
 *(SORT_BY_ALIGNMENT(.rela.tdata) SORT_BY_ALIGNMENT(.rela.tdata.*) SORT_BY_ALIGNMENT(.rela.gnu.linkonce.td.*))

.rel.tbss
 *(SORT_BY_ALIGNMENT(.rel.tbss) SORT_BY_ALIGNMENT(.rel.tbss.*) SORT_BY_ALIGNMENT(.rel.gnu.linkonce.tb.*))

.rela.tbss
 *(SORT_BY_ALIGNMENT(.rela.tbss) SORT_BY_ALIGNMENT(.rela.tbss.*) SORT_BY_ALIGNMENT(.rela.gnu.linkonce.tb.*))

.rel.rodata
 *(SORT_BY_ALIGNMENT(.rel.rodata))
 *(SORT_BY_ALIGNMENT(.rel.gnu.linkonce.r*))

.rela.rodata
 *(SORT_BY_ALIGNMENT(.rela.rodata))
 *(SORT_BY_ALIGNMENT(.rela.gnu.linkonce.r*))

.rel.dyn
 *(SORT_BY_ALIGNMENT(.rel.dyn))

.rel.got
 *(SORT_BY_ALIGNMENT(.rel.got))

.rela.got       0x000000000001a1e8      0x228
 *(SORT_BY_ALIGNMENT(.rela.got))
 .rela.got      0x000000000001a1e8      0x228 ./ta_mission.o

.rel.ctors
 *(SORT_BY_ALIGNMENT(.rel.ctors))

.rela.ctors
 *(SORT_BY_ALIGNMENT(.rela.ctors))

.rel.dtors
 *(SORT_BY_ALIGNMENT(.rel.dtors))

.rela.dtors
 *(SORT_BY_ALIGNMENT(.rela.dtors))

.rel.init
 *(SORT_BY_ALIGNMENT(.rel.init))

.rela.init
 *(SORT_BY_ALIGNMENT(.rela.init))

.rel.fini
 *(SORT_BY_ALIGNMENT(.rel.fini))

.rela.fini
 *(SORT_BY_ALIGNMENT(.rela.fini))

.rel.bss
 *(SORT_BY_ALIGNMENT(.rel.bss))

.rela.bss       0x000000000001a410        0x0
 *(SORT_BY_ALIGNMENT(.rela.bss))
 .rela.bss      0x000000000001a410        0x0 ./ta_mission.o

.rel.plt
 *(SORT_BY_ALIGNMENT(.rel.plt))

.rela.plt       0x000000000001a410        0x0
 *(SORT_BY_ALIGNMENT(.rela.plt))
 .rela.plt      0x000000000001a410        0x0 ./ta_mission.o

.data           0x000000000001a410      0x1cc
 *(SORT_BY_ALIGNMENT(.data) SORT_BY_ALIGNMENT(.data.*) SORT_BY_ALIGNMENT(.gnu.linkonce.d.*))
 .data.rel.ro.local
                0x000000000001a410      0x108 ./user_ta_header.o
                0x000000000001a410                ta_props
 .data          0x000000000001a518        0x8 /home/jetson/Linux_for_Tegra/source/optee/optee_os/out/arm-plat-tegra/export-ta_arm64/lib/libutils.a(stack_check.o)
                0x000000000001a518                __stack_chk_guard
 .data.rel.local
                0x000000000001a520       0x20 /home/jetson/Linux_for_Tegra/source/optee/optee_os/out/arm-plat-tegra/export-ta_arm64/lib/libutee.a(user_ta_entry.o)
 .data.rel.ro.local
                0x000000000001a540       0x60 /home/jetson/Linux_for_Tegra/source/optee/optee_os/out/arm-plat-tegra/export-ta_arm64/lib/libutee.a(tee_api_property.o)
                0x000000000001a540                tee_props
 .data.rel      0x000000000001a5a0        0x8 /home/jetson/Linux_for_Tegra/source/optee/optee_os/out/arm-plat-tegra/export-ta_arm64/lib/libmbedtls.a(platform_util.o)
 .data.rel.local
                0x000000000001a5a8       0x30 /home/jetson/Linux_for_Tegra/source/optee/optee_os/out/arm-plat-tegra/export-ta_arm64/lib/libutils.a(bget_malloc.o)
 .data          0x000000000001a5d8        0x4 ./user_ta_header.o
                0x000000000001a5d8                trace_level
 .data          0x000000000001a5dc        0x0 ./ta_mission.o
 .data.rel.ro   0x000000000001a5dc        0x0 ./ta_mission.o
 .data          0x000000000001a5dc        0x0 /home/jetson/Linux_for_Tegra/source/optee/optee_os/out/arm-plat-tegra/export-ta_arm64/lib/libutils.a(trace.o)
 .data          0x000000000001a5dc        0x0 /home/jetson/Linux_for_Tegra/source/optee/optee_os/out/arm-plat-tegra/export-ta_arm64/lib/libutils.a(memcpy.o)
 .data          0x000000000001a5dc        0x0 /home/jetson/Linux_for_Tegra/source/optee/optee_os/out/arm-plat-tegra/export-ta_arm64/lib/libutils.a(snprintk.o)
 .data          0x000000000001a5dc        0x0 /home/jetson/Linux_for_Tegra/source/optee/optee_os/out/arm-plat-tegra/export-ta_arm64/lib/libutils.a(memchr.o)
 .data          0x000000000001a5dc        0x0 /home/jetson/Linux_for_Tegra/source/optee/optee_os/out/arm-plat-tegra/export-ta_arm64/lib/libutils.a(strlen.o)
 .data          0x000000000001a5dc        0x0 /home/jetson/Linux_for_Tegra/source/optee/optee_os/out/arm-plat-tegra/export-ta_arm64/lib/libutee.a(trace_ext.o)
 .data          0x000000000001a5dc        0x0 /home/jetson/Linux_for_Tegra/source/optee/optee_os/out/arm-plat-tegra/export-ta_arm64/lib/libutee.a(tee_api.o)
 .data          0x000000000001a5dc        0x0 /home/jetson/Linux_for_Tegra/source/optee/optee_os/out/arm-plat-tegra/export-ta_arm64/lib/libutee.a(tee_api_objects.o)
 .data          0x000000000001a5dc        0x0 /home/jetson/Linux_for_Tegra/source/optee/optee_os/out/arm-plat-tegra/export-ta_arm64/lib/libutee.a(tee_api_operations.o)
 .data          0x000000000001a5dc        0x0 /home/jetson/Linux_for_Tegra/source/optee/optee_os/out/arm-plat-tegra/export-ta_arm64/lib/libutee.a(tee_api_panic.o)
 .data          0x000000000001a5dc        0x0 /home/jetson/Linux_for_Tegra/source/optee/optee_os/out/arm-plat-tegra/export-ta_arm64/lib/libutee.a(tee_system_pta.o)
 .data          0x000000000001a5dc        0x0 /home/jetson/Linux_for_Tegra/source/optee/optee_os/out/arm-plat-tegra/export-ta_arm64/lib/libutee.a(user_ta_entry.o)
 .data          0x000000000001a5dc        0x0 /home/jetson/Linux_for_Tegra/source/optee/optee_os/out/arm-plat-tegra/export-ta_arm64/lib/libutee.a(utee_syscalls_a64.o)
 .data          0x000000000001a5dc        0x0 /home/jetson/Linux_for_Tegra/source/optee/optee_os/out/arm-plat-tegra/export-ta_arm64/lib/libutee.a(abort.o)
 .data          0x000000000001a5dc        0x0 /home/jetson/Linux_for_Tegra/source/optee/optee_os/out/arm-plat-tegra/export-ta_arm64/lib/libutee.a(assert.o)
 .data          0x000000000001a5dc        0x0 /home/jetson/Linux_for_Tegra/source/optee/optee_os/out/arm-plat-tegra/export-ta_arm64/lib/libutee.a(tee_api_arith_mpi.o)
 .data          0x000000000001a5dc        0x0 /home/jetson/Linux_for_Tegra/source/optee/optee_os/out/arm-plat-tegra/export-ta_arm64/lib/libutee.a(tee_api_property.o)
 .data          0x000000000001a5dc        0x0 /home/jetson/Linux_for_Tegra/source/optee/optee_os/out/arm-plat-tegra/export-ta_arm64/lib/libutee.a(tcb.o)
 .data          0x000000000001a5dc        0x0 /home/jetson/Linux_for_Tegra/source/optee/optee_os/out/arm-plat-tegra/export-ta_arm64/lib/libutee.a(base64.o)
 .data          0x000000000001a5dc        0x0 /home/jetson/Linux_for_Tegra/source/optee/optee_os/out/arm-plat-tegra/export-ta_arm64/lib/libmbedtls.a(bignum.o)
 .data          0x000000000001a5dc        0x0 /home/jetson/Linux_for_Tegra/source/optee/optee_os/out/arm-plat-tegra/export-ta_arm64/lib/libmbedtls.a(bignum_core.o)
 .data          0x000000000001a5dc        0x0 /home/jetson/Linux_for_Tegra/source/optee/optee_os/out/arm-plat-tegra/export-ta_arm64/lib/libmbedtls.a(constant_time.o)
 .data          0x000000000001a5dc        0x0 /home/jetson/Linux_for_Tegra/source/optee/optee_os/out/arm-plat-tegra/export-ta_arm64/lib/libmbedtls.a(platform_util.o)
 .data          0x000000000001a5dc        0x0 /home/jetson/Linux_for_Tegra/source/optee/optee_os/out/arm-plat-tegra/export-ta_arm64/lib/libutils.a(bget_malloc.o)
 .data          0x000000000001a5dc        0x0 /home/jetson/Linux_for_Tegra/source/optee/optee_os/out/arm-plat-tegra/export-ta_arm64/lib/libutils.a(snprintf.o)
 .data          0x000000000001a5dc        0x0 /home/jetson/Linux_for_Tegra/source/optee/optee_os/out/arm-plat-tegra/export-ta_arm64/lib/libutils.a(memmove.o)
 .data          0x000000000001a5dc        0x0 /home/jetson/Linux_for_Tegra/source/optee/optee_os/out/arm-plat-tegra/export-ta_arm64/lib/libutils.a(memset.o)
 .data          0x000000000001a5dc        0x0 /home/jetson/Linux_for_Tegra/source/optee/optee_os/out/arm-plat-tegra/export-ta_arm64/lib/libutils.a(strcmp.o)
 .data          0x000000000001a5dc        0x0 /home/jetson/Linux_for_Tegra/source/optee/optee_os/out/arm-plat-tegra/export-ta_arm64/lib/libutils.a(strlcpy.o)
 .data          0x000000000001a5dc        0x0 /home/jetson/Linux_for_Tegra/source/optee/optee_os/out/arm-plat-tegra/export-ta_arm64/lib/libutils.a(mempool.o)
 .data          0x000000000001a5dc        0x0 /home/jetson/Linux_for_Tegra/source/optee/optee_os/out/arm-plat-tegra/export-ta_arm64/lib/libutils.a(consttime_memcmp.o)

.bss            0x000000000001a5e0    0x11eb8
 *(SORT_BY_ALIGNMENT(.bss) SORT_BY_ALIGNMENT(.bss.*) SORT_BY_ALIGNMENT(.gnu.linkonce.b.*) SORT_BY_ALIGNMENT(COMMON))
 .bss           0x000000000001a5e0       0x10 /home/jetson/Linux_for_Tegra/source/optee/optee_os/out/arm-plat-tegra/export-ta_arm64/lib/libutee.a(tee_api.o)
 .bss           0x000000000001a5f0        0x8 /home/jetson/Linux_for_Tegra/source/optee/optee_os/out/arm-plat-tegra/export-ta_arm64/lib/libutee.a(tee_system_pta.o)
 .bss           0x000000000001a5f8       0x6c /home/jetson/Linux_for_Tegra/source/optee/optee_os/out/arm-plat-tegra/export-ta_arm64/lib/libutee.a(user_ta_entry.o)
                0x000000000001a608                __elf_phdr_info
                0x000000000001a618                __ta_no_share_malloc_ctx
                0x000000000001a620                ta_params
                0x000000000001a660                ta_param_types
 *fill*         0x000000000001a664        0x4 
 .bss           0x000000000001a668     0x4000 /home/jetson/Linux_for_Tegra/source/optee/optee_os/out/arm-plat-tegra/export-ta_arm64/lib/libutee.a(tee_api_arith_mpi.o)
 .bss           0x000000000001e668       0x10 /home/jetson/Linux_for_Tegra/source/optee/optee_os/out/arm-plat-tegra/export-ta_arm64/lib/libutee.a(tcb.o)
 .bss           0x000000000001e678        0x8 /home/jetson/Linux_for_Tegra/source/optee/optee_os/out/arm-plat-tegra/export-ta_arm64/lib/libmbedtls.a(bignum.o)
                0x000000000001e678                mbedtls_mpi_mempool
 .bss           0x000000000001e680     0x5e14 ./ta_mission.o
 .bss           0x0000000000024494     0x8000 ./user_ta_header.o
                0x0000000000024494                ta_heap
                0x0000000000024494                __ta_no_share_heap
 .bss           0x000000000002c494        0x0 /home/jetson/Linux_for_Tegra/source/optee/optee_os/out/arm-plat-tegra/export-ta_arm64/lib/libutils.a(stack_check.o)
 .bss           0x000000000002c494        0x0 /home/jetson/Linux_for_Tegra/source/optee/optee_os/out/arm-plat-tegra/export-ta_arm64/lib/libutils.a(trace.o)
 .bss           0x000000000002c494        0x0 /home/jetson/Linux_for_Tegra/source/optee/optee_os/out/arm-plat-tegra/export-ta_arm64/lib/libutils.a(memcpy.o)
 .bss           0x000000000002c494        0x0 /home/jetson/Linux_for_Tegra/source/optee/optee_os/out/arm-plat-tegra/export-ta_arm64/lib/libutils.a(snprintk.o)
 .bss           0x000000000002c494        0x0 /home/jetson/Linux_for_Tegra/source/optee/optee_os/out/arm-plat-tegra/export-ta_arm64/lib/libutils.a(memchr.o)
 .bss           0x000000000002c494        0x0 /home/jetson/Linux_for_Tegra/source/optee/optee_os/out/arm-plat-tegra/export-ta_arm64/lib/libutils.a(strlen.o)
 .bss           0x000000000002c494        0x0 /home/jetson/Linux_for_Tegra/source/optee/optee_os/out/arm-plat-tegra/export-ta_arm64/lib/libutee.a(trace_ext.o)
 .bss           0x000000000002c494        0x0 /home/jetson/Linux_for_Tegra/source/optee/optee_os/out/arm-plat-tegra/export-ta_arm64/lib/libutee.a(tee_api_objects.o)
 .bss           0x000000000002c494        0x0 /home/jetson/Linux_for_Tegra/source/optee/optee_os/out/arm-plat-tegra/export-ta_arm64/lib/libutee.a(tee_api_operations.o)
 .bss           0x000000000002c494        0x0 /home/jetson/Linux_for_Tegra/source/optee/optee_os/out/arm-plat-tegra/export-ta_arm64/lib/libutee.a(tee_api_panic.o)
 .bss           0x000000000002c494        0x0 /home/jetson/Linux_for_Tegra/source/optee/optee_os/out/arm-plat-tegra/export-ta_arm64/lib/libutee.a(utee_syscalls_a64.o)
 .bss           0x000000000002c494        0x0 /home/jetson/Linux_for_Tegra/source/optee/optee_os/out/arm-plat-tegra/export-ta_arm64/lib/libutee.a(abort.o)
 .bss           0x000000000002c494        0x0 /home/jetson/Linux_for_Tegra/source/optee/optee_os/out/arm-plat-tegra/export-ta_arm64/lib/libutee.a(assert.o)
 .bss           0x000000000002c494        0x0 /home/jetson/Linux_for_Tegra/source/optee/optee_os/out/arm-plat-tegra/export-ta_arm64/lib/libutee.a(tee_api_property.o)
 .bss           0x000000000002c494        0x0 /home/jetson/Linux_for_Tegra/source/optee/optee_os/out/arm-plat-tegra/export-ta_arm64/lib/libutee.a(base64.o)
 .bss           0x000000000002c494        0x0 /home/jetson/Linux_for_Tegra/source/optee/optee_os/out/arm-plat-tegra/export-ta_arm64/lib/libmbedtls.a(bignum_core.o)
 .bss           0x000000000002c494        0x0 /home/jetson/Linux_for_Tegra/source/optee/optee_os/out/arm-plat-tegra/export-ta_arm64/lib/libmbedtls.a(constant_time.o)
 .bss           0x000000000002c494        0x0 /home/jetson/Linux_for_Tegra/source/optee/optee_os/out/arm-plat-tegra/export-ta_arm64/lib/libmbedtls.a(platform_util.o)
 .bss           0x000000000002c494        0x0 /home/jetson/Linux_for_Tegra/source/optee/optee_os/out/arm-plat-tegra/export-ta_arm64/lib/libutils.a(bget_malloc.o)
 .bss           0x000000000002c494        0x0 /home/jetson/Linux_for_Tegra/source/optee/optee_os/out/arm-plat-tegra/export-ta_arm64/lib/libutils.a(snprintf.o)
 .bss           0x000000000002c494        0x0 /home/jetson/Linux_for_Tegra/source/optee/optee_os/out/arm-plat-tegra/export-ta_arm64/lib/libutils.a(memmove.o)
 .bss           0x000000000002c494        0x0 /home/jetson/Linux_for_Tegra/source/optee/optee_os/out/arm-plat-tegra/export-ta_arm64/lib/libutils.a(memset.o)
 .bss           0x000000000002c494        0x0 /home/jetson/Linux_for_Tegra/source/optee/optee_os/out/arm-plat-tegra/export-ta_arm64/lib/libutils.a(strcmp.o)
 .bss           0x000000000002c494        0x0 /home/jetson/Linux_for_Tegra/source/optee/optee_os/out/arm-plat-tegra/export-ta_arm64/lib/libutils.a(strlcpy.o)
 .bss           0x000000000002c494        0x0 /home/jetson/Linux_for_Tegra/source/optee/optee_os/out/arm-plat-tegra/export-ta_arm64/lib/libutils.a(mempool.o)
 .bss           0x000000000002c494        0x0 /home/jetson/Linux_for_Tegra/source/optee/optee_os/out/arm-plat-tegra/export-ta_arm64/lib/libutils.a(consttime_memcmp.o)
                0x000000000002c498                . = ALIGN (0x8)
 *fill*         0x000000000002c494        0x4 
                0x000000000002c498                __ftrace_buf_start = .
                0x000000000002c498                . = (. + DEFINED (_mcount)?0x800:0x0)
                0x000000000002c498                __ftrace_buf_end = .

.dynbss         0x000000000002c498        0x0
 .dynbss        0x000000000002c498        0x0 ./ta_mission.o

/DISCARD/
 *(SORT_BY_ALIGNMENT(.interp))
LOAD ./ta_mission.o
LOAD ./user_ta_header.o
START GROUP
LOAD /home/jetson/Linux_for_Tegra/source/optee/optee_os/out/arm-plat-tegra/export-ta_arm64/lib/libutils.a
LOAD /home/jetson/Linux_for_Tegra/source/optee/optee_os/out/arm-plat-tegra/export-ta_arm64/lib/libutee.a
LOAD /home/jetson/Linux_for_Tegra/source/optee/optee_os/out/arm-plat-tegra/export-ta_arm64/lib/libmbedtls.a
LOAD /home/jetson/Linux_for_Tegra/source/optee/optee_os/out/arm-plat-tegra/export-ta_arm64/lib/libdl.a
END GROUP
LOAD /usr/lib/gcc/aarch64-linux-gnu/11/libgcc.a
LOAD /home/jetson/Linux_for_Tegra/source/optee/optee_os/out/arm-plat-tegra/export-ta_arm64/lib/libutils.a
OUTPUT(8aaaf200-2450-11e4-abe2-0002a5d5c51b.elf elf64-littleaarch64)
LOAD linker stubs

.debug_info     0x0000000000000000    0x24b7b
 .debug_info    0x0000000000000000     0x1cb6 ./ta_mission.o
 .debug_info    0x0000000000001cb6      0x4e8 ./user_ta_header.o
 .debug_info    0x000000000000219e      0x144 /home/jetson/Linux_for_Tegra/source/optee/optee_os/out/arm-plat-tegra/export-ta_arm64/lib/libutils.a(stack_check.o)
 .debug_info    0x00000000000022e2      0x70f /home/jetson/Linux_for_Tegra/source/optee/optee_os/out/arm-plat-tegra/export-ta_arm64/lib/libutils.a(trace.o)
 .debug_info    0x00000000000029f1      0x130 /home/jetson/Linux_for_Tegra/source/optee/optee_os/out/arm-plat-tegra/export-ta_arm64/lib/libutils.a(memcpy.o)
 .debug_info    0x0000000000002b21      0x963 /home/jetson/Linux_for_Tegra/source/optee/optee_os/out/arm-plat-tegra/export-ta_arm64/lib/libutils.a(snprintk.o)
 .debug_info    0x0000000000003484       0xff /home/jetson/Linux_for_Tegra/source/optee/optee_os/out/arm-plat-tegra/export-ta_arm64/lib/libutils.a(memchr.o)
 .debug_info    0x0000000000003583       0xbf /home/jetson/Linux_for_Tegra/source/optee/optee_os/out/arm-plat-tegra/export-ta_arm64/lib/libutils.a(strlen.o)
 .debug_info    0x0000000000003642      0x3d7 /home/jetson/Linux_for_Tegra/source/optee/optee_os/out/arm-plat-tegra/export-ta_arm64/lib/libutee.a(trace_ext.o)
 .debug_info    0x0000000000003a19     0x275a /home/jetson/Linux_for_Tegra/source/optee/optee_os/out/arm-plat-tegra/export-ta_arm64/lib/libutee.a(tee_api.o)
 .debug_info    0x0000000000006173     0x2efc /home/jetson/Linux_for_Tegra/source/optee/optee_os/out/arm-plat-tegra/export-ta_arm64/lib/libutee.a(tee_api_objects.o)
 .debug_info    0x000000000000906f     0x5720 /home/jetson/Linux_for_Tegra/source/optee/optee_os/out/arm-plat-tegra/export-ta_arm64/lib/libutee.a(tee_api_operations.o)
 .debug_info    0x000000000000e78f      0xa4c /home/jetson/Linux_for_Tegra/source/optee/optee_os/out/arm-plat-tegra/export-ta_arm64/lib/libutee.a(tee_api_panic.o)
 .debug_info    0x000000000000f1db      0x7fa /home/jetson/Linux_for_Tegra/source/optee/optee_os/out/arm-plat-tegra/export-ta_arm64/lib/libutee.a(tee_system_pta.o)
 .debug_info    0x000000000000f9d5     0x16be /home/jetson/Linux_for_Tegra/source/optee/optee_os/out/arm-plat-tegra/export-ta_arm64/lib/libutee.a(user_ta_entry.o)
 .debug_info    0x0000000000011093       0x23 /home/jetson/Linux_for_Tegra/source/optee/optee_os/out/arm-plat-tegra/export-ta_arm64/lib/libutee.a(utee_syscalls_a64.o)
 .debug_info    0x00000000000110b6       0xf1 /home/jetson/Linux_for_Tegra/source/optee/optee_os/out/arm-plat-tegra/export-ta_arm64/lib/libutee.a(abort.o)
 .debug_info    0x00000000000111a7      0x1b5 /home/jetson/Linux_for_Tegra/source/optee/optee_os/out/arm-plat-tegra/export-ta_arm64/lib/libutee.a(assert.o)
 .debug_info    0x000000000001135c     0x5221 /home/jetson/Linux_for_Tegra/source/optee/optee_os/out/arm-plat-tegra/export-ta_arm64/lib/libutee.a(tee_api_arith_mpi.o)
 .debug_info    0x000000000001657d     0x1955 /home/jetson/Linux_for_Tegra/source/optee/optee_os/out/arm-plat-tegra/export-ta_arm64/lib/libutee.a(tee_api_property.o)
 .debug_info    0x0000000000017ed2      0x8af /home/jetson/Linux_for_Tegra/source/optee/optee_os/out/arm-plat-tegra/export-ta_arm64/lib/libutee.a(tcb.o)
 .debug_info    0x0000000000018781      0x339 /home/jetson/Linux_for_Tegra/source/optee/optee_os/out/arm-plat-tegra/export-ta_arm64/lib/libutee.a(base64.o)
 .debug_info    0x0000000000018aba     0x57c6 /home/jetson/Linux_for_Tegra/source/optee/optee_os/out/arm-plat-tegra/export-ta_arm64/lib/libmbedtls.a(bignum.o)
 .debug_info    0x000000000001e280     0x20b9 /home/jetson/Linux_for_Tegra/source/optee/optee_os/out/arm-plat-tegra/export-ta_arm64/lib/libmbedtls.a(bignum_core.o)
 .debug_info    0x0000000000020339     0x1084 /home/jetson/Linux_for_Tegra/source/optee/optee_os/out/arm-plat-tegra/export-ta_arm64/lib/libmbedtls.a(constant_time.o)
 .debug_info    0x00000000000213bd      0x4c2 /home/jetson/Linux_for_Tegra/source/optee/optee_os/out/arm-plat-tegra/export-ta_arm64/lib/libmbedtls.a(platform_util.o)
 .debug_info    0x000000000002187f     0x2453 /home/jetson/Linux_for_Tegra/source/optee/optee_os/out/arm-plat-tegra/export-ta_arm64/lib/libutils.a(bget_malloc.o)
 .debug_info    0x0000000000023cd2      0x29f /home/jetson/Linux_for_Tegra/source/optee/optee_os/out/arm-plat-tegra/export-ta_arm64/lib/libutils.a(snprintf.o)
 .debug_info    0x0000000000023f71       0xfb /home/jetson/Linux_for_Tegra/source/optee/optee_os/out/arm-plat-tegra/export-ta_arm64/lib/libutils.a(memmove.o)
 .debug_info    0x000000000002406c       0xd3 /home/jetson/Linux_for_Tegra/source/optee/optee_os/out/arm-plat-tegra/export-ta_arm64/lib/libutils.a(memset.o)
 .debug_info    0x000000000002413f       0xb4 /home/jetson/Linux_for_Tegra/source/optee/optee_os/out/arm-plat-tegra/export-ta_arm64/lib/libutils.a(strcmp.o)
 .debug_info    0x00000000000241f3      0x123 /home/jetson/Linux_for_Tegra/source/optee/optee_os/out/arm-plat-tegra/export-ta_arm64/lib/libutils.a(strlcpy.o)
 .debug_info    0x0000000000024316      0x733 /home/jetson/Linux_for_Tegra/source/optee/optee_os/out/arm-plat-tegra/export-ta_arm64/lib/libutils.a(mempool.o)
 .debug_info    0x0000000000024a49      0x132 /home/jetson/Linux_for_Tegra/source/optee/optee_os/out/arm-plat-tegra/export-ta_arm64/lib/libutils.a(consttime_memcmp.o)

.debug_abbrev   0x0000000000000000     0x516e
 .debug_abbrev  0x0000000000000000      0x398 ./ta_mission.o
 .debug_abbrev  0x0000000000000398      0x1f1 ./user_ta_header.o
 .debug_abbrev  0x0000000000000589       0xb2 /home/jetson/Linux_for_Tegra/source/optee/optee_os/out/arm-plat-tegra/export-ta_arm64/lib/libutils.a(stack_check.o)
 .debug_abbrev  0x000000000000063b      0x2bf /home/jetson/Linux_for_Tegra/source/optee/optee_os/out/arm-plat-tegra/export-ta_arm64/lib/libutils.a(trace.o)
 .debug_abbrev  0x00000000000008fa       0xbb /home/jetson/Linux_for_Tegra/source/optee/optee_os/out/arm-plat-tegra/export-ta_arm64/lib/libutils.a(memcpy.o)
 .debug_abbrev  0x00000000000009b5      0x300 /home/jetson/Linux_for_Tegra/source/optee/optee_os/out/arm-plat-tegra/export-ta_arm64/lib/libutils.a(snprintk.o)
 .debug_abbrev  0x0000000000000cb5       0xb4 /home/jetson/Linux_for_Tegra/source/optee/optee_os/out/arm-plat-tegra/export-ta_arm64/lib/libutils.a(memchr.o)
 .debug_abbrev  0x0000000000000d69       0x85 /home/jetson/Linux_for_Tegra/source/optee/optee_os/out/arm-plat-tegra/export-ta_arm64/lib/libutils.a(strlen.o)
 .debug_abbrev  0x0000000000000dee      0x1c4 /home/jetson/Linux_for_Tegra/source/optee/optee_os/out/arm-plat-tegra/export-ta_arm64/lib/libutee.a(trace_ext.o)
 .debug_abbrev  0x0000000000000fb2      0x558 /home/jetson/Linux_for_Tegra/source/optee/optee_os/out/arm-plat-tegra/export-ta_arm64/lib/libutee.a(tee_api.o)
 .debug_abbrev  0x000000000000150a      0x399 /home/jetson/Linux_for_Tegra/source/optee/optee_os/out/arm-plat-tegra/export-ta_arm64/lib/libutee.a(tee_api_objects.o)
 .debug_abbrev  0x00000000000018a3      0x515 /home/jetson/Linux_for_Tegra/source/optee/optee_os/out/arm-plat-tegra/export-ta_arm64/lib/libutee.a(tee_api_operations.o)
 .debug_abbrev  0x0000000000001db8      0x21c /home/jetson/Linux_for_Tegra/source/optee/optee_os/out/arm-plat-tegra/export-ta_arm64/lib/libutee.a(tee_api_panic.o)
 .debug_abbrev  0x0000000000001fd4      0x29f /home/jetson/Linux_for_Tegra/source/optee/optee_os/out/arm-plat-tegra/export-ta_arm64/lib/libutee.a(tee_system_pta.o)
 .debug_abbrev  0x0000000000002273      0x5aa /home/jetson/Linux_for_Tegra/source/optee/optee_os/out/arm-plat-tegra/export-ta_arm64/lib/libutee.a(user_ta_entry.o)
 .debug_abbrev  0x000000000000281d       0x12 /home/jetson/Linux_for_Tegra/source/optee/optee_os/out/arm-plat-tegra/export-ta_arm64/lib/libutee.a(utee_syscalls_a64.o)
 .debug_abbrev  0x000000000000282f       0x94 /home/jetson/Linux_for_Tegra/source/optee/optee_os/out/arm-plat-tegra/export-ta_arm64/lib/libutee.a(abort.o)
 .debug_abbrev  0x00000000000028c3       0xbd /home/jetson/Linux_for_Tegra/source/optee/optee_os/out/arm-plat-tegra/export-ta_arm64/lib/libutee.a(assert.o)
 .debug_abbrev  0x0000000000002980      0x541 /home/jetson/Linux_for_Tegra/source/optee/optee_os/out/arm-plat-tegra/export-ta_arm64/lib/libutee.a(tee_api_arith_mpi.o)
 .debug_abbrev  0x0000000000002ec1      0x343 /home/jetson/Linux_for_Tegra/source/optee/optee_os/out/arm-plat-tegra/export-ta_arm64/lib/libutee.a(tee_api_property.o)
 .debug_abbrev  0x0000000000003204      0x2cf /home/jetson/Linux_for_Tegra/source/optee/optee_os/out/arm-plat-tegra/export-ta_arm64/lib/libutee.a(tcb.o)
 .debug_abbrev  0x00000000000034d3      0x1a4 /home/jetson/Linux_for_Tegra/source/optee/optee_os/out/arm-plat-tegra/export-ta_arm64/lib/libutee.a(base64.o)
 .debug_abbrev  0x0000000000003677      0x5a3 /home/jetson/Linux_for_Tegra/source/optee/optee_os/out/arm-plat-tegra/export-ta_arm64/lib/libmbedtls.a(bignum.o)
 .debug_abbrev  0x0000000000003c1a      0x47c /home/jetson/Linux_for_Tegra/source/optee/optee_os/out/arm-plat-tegra/export-ta_arm64/lib/libmbedtls.a(bignum_core.o)
 .debug_abbrev  0x0000000000004096      0x398 /home/jetson/Linux_for_Tegra/source/optee/optee_os/out/arm-plat-tegra/export-ta_arm64/lib/libmbedtls.a(constant_time.o)
 .debug_abbrev  0x000000000000442e      0x18a /home/jetson/Linux_for_Tegra/source/optee/optee_os/out/arm-plat-tegra/export-ta_arm64/lib/libmbedtls.a(platform_util.o)
 .debug_abbrev  0x00000000000045b8      0x499 /home/jetson/Linux_for_Tegra/source/optee/optee_os/out/arm-plat-tegra/export-ta_arm64/lib/libutils.a(bget_malloc.o)
 .debug_abbrev  0x0000000000004a51      0x155 /home/jetson/Linux_for_Tegra/source/optee/optee_os/out/arm-plat-tegra/export-ta_arm64/lib/libutils.a(snprintf.o)
 .debug_abbrev  0x0000000000004ba6       0xa6 /home/jetson/Linux_for_Tegra/source/optee/optee_os/out/arm-plat-tegra/export-ta_arm64/lib/libutils.a(memmove.o)
 .debug_abbrev  0x0000000000004c4c       0xa3 /home/jetson/Linux_for_Tegra/source/optee/optee_os/out/arm-plat-tegra/export-ta_arm64/lib/libutils.a(memset.o)
 .debug_abbrev  0x0000000000004cef       0x6f /home/jetson/Linux_for_Tegra/source/optee/optee_os/out/arm-plat-tegra/export-ta_arm64/lib/libutils.a(strcmp.o)
 .debug_abbrev  0x0000000000004d5e       0xa5 /home/jetson/Linux_for_Tegra/source/optee/optee_os/out/arm-plat-tegra/export-ta_arm64/lib/libutils.a(strlcpy.o)
 .debug_abbrev  0x0000000000004e03      0x2a9 /home/jetson/Linux_for_Tegra/source/optee/optee_os/out/arm-plat-tegra/export-ta_arm64/lib/libutils.a(mempool.o)
 .debug_abbrev  0x00000000000050ac       0xc2 /home/jetson/Linux_for_Tegra/source/optee/optee_os/out/arm-plat-tegra/export-ta_arm64/lib/libutils.a(consttime_memcmp.o)

.debug_loclists
                0x0000000000000000    0x156da
 .debug_loclists
                0x0000000000000000      0xb02 ./ta_mission.o
 .debug_loclists
                0x0000000000000b02       0x94 ./user_ta_header.o
 .debug_loclists
                0x0000000000000b96      0x2a5 /home/jetson/Linux_for_Tegra/source/optee/optee_os/out/arm-plat-tegra/export-ta_arm64/lib/libutils.a(trace.o)
 .debug_loclists
                0x0000000000000e3b      0x2e5 /home/jetson/Linux_for_Tegra/source/optee/optee_os/out/arm-plat-tegra/export-ta_arm64/lib/libutils.a(memcpy.o)
 .debug_loclists
                0x0000000000001120     0x16b5 /home/jetson/Linux_for_Tegra/source/optee/optee_os/out/arm-plat-tegra/export-ta_arm64/lib/libutils.a(snprintk.o)
 .debug_loclists
                0x00000000000027d5       0x65 /home/jetson/Linux_for_Tegra/source/optee/optee_os/out/arm-plat-tegra/export-ta_arm64/lib/libutils.a(memchr.o)
 .debug_loclists
                0x000000000000283a       0x34 /home/jetson/Linux_for_Tegra/source/optee/optee_os/out/arm-plat-tegra/export-ta_arm64/lib/libutils.a(strlen.o)
 .debug_loclists
                0x000000000000286e       0xae /home/jetson/Linux_for_Tegra/source/optee/optee_os/out/arm-plat-tegra/export-ta_arm64/lib/libutee.a(trace_ext.o)
 .debug_loclists
                0x000000000000291c     0x115c /home/jetson/Linux_for_Tegra/source/optee/optee_os/out/arm-plat-tegra/export-ta_arm64/lib/libutee.a(tee_api.o)
 .debug_loclists
                0x0000000000003a78     0x1860 /home/jetson/Linux_for_Tegra/source/optee/optee_os/out/arm-plat-tegra/export-ta_arm64/lib/libutee.a(tee_api_objects.o)
 .debug_loclists
                0x00000000000052d8     0x3c2c /home/jetson/Linux_for_Tegra/source/optee/optee_os/out/arm-plat-tegra/export-ta_arm64/lib/libutee.a(tee_api_operations.o)
 .debug_loclists
                0x0000000000008f04      0x533 /home/jetson/Linux_for_Tegra/source/optee/optee_os/out/arm-plat-tegra/export-ta_arm64/lib/libutee.a(tee_api_panic.o)
 .debug_loclists
                0x0000000000009437      0x330 /home/jetson/Linux_for_Tegra/source/optee/optee_os/out/arm-plat-tegra/export-ta_arm64/lib/libutee.a(tee_system_pta.o)
 .debug_loclists
                0x0000000000009767      0x614 /home/jetson/Linux_for_Tegra/source/optee/optee_os/out/arm-plat-tegra/export-ta_arm64/lib/libutee.a(user_ta_entry.o)
 .debug_loclists
                0x0000000000009d7b       0x71 /home/jetson/Linux_for_Tegra/source/optee/optee_os/out/arm-plat-tegra/export-ta_arm64/lib/libutee.a(assert.o)
 .debug_loclists
                0x0000000000009dec     0x1f3e /home/jetson/Linux_for_Tegra/source/optee/optee_os/out/arm-plat-tegra/export-ta_arm64/lib/libutee.a(tee_api_arith_mpi.o)